Archive member included to satisfy reference by file (symbol)

/home/stephen/Desktop/OLSONET/PICOS/PicOS/CC13XX/CC13XXWARE/driverlib/bin/gcc/driverlib.lib(adi.o)
                              KTMP/analog_sensor.o (SafeHapiAuxAdiSelect)
/home/stephen/Desktop/OLSONET/PICOS/PicOS/CC13XX/CC13XXWARE/driverlib/bin/gcc/driverlib.lib(aon_batmon.o)
                              KTMP/main.o (NOROM_AONBatMonTemperatureGetDegC)
/home/stephen/Desktop/OLSONET/PICOS/PicOS/CC13XX/CC13XXWARE/driverlib/bin/gcc/driverlib.lib(aon_rtc.o)
                              KTMP/main.o (NOROM_AONRTCCurrent64BitValueGet)
/home/stephen/Desktop/OLSONET/PICOS/PicOS/CC13XX/CC13XXWARE/driverlib/bin/gcc/driverlib.lib(aux_adc.o)
                              KTMP/analog_sensor.o (NOROM_AUXADCDisable)
/home/stephen/Desktop/OLSONET/PICOS/PicOS/CC13XX/CC13XXWARE/driverlib/bin/gcc/driverlib.lib(cpu.o)
                              KTMP/main.o (NOROM_CPUcpsid)
/home/stephen/Desktop/OLSONET/PICOS/PicOS/CC13XX/CC13XXWARE/driverlib/bin/gcc/driverlib.lib(osc.o)
                              KTMP/rfprop.o (NOROM_OSCHF_TurnOnXosc)
/home/stephen/Desktop/OLSONET/PICOS/PicOS/CC13XX/CC13XXWARE/driverlib/bin/gcc/driverlib.lib(rfc.o)
                              KTMP/rfprop.o (NOROM_RFCDoorbellSendTo)
/home/stephen/Desktop/OLSONET/PICOS/PicOS/CC13XX/CC13XXWARE/driverlib/bin/gcc/driverlib.lib(setup.o)
                              KTMP/startup_gcc.o (NOROM_SetupTrimDevice)
/home/stephen/Desktop/OLSONET/PICOS/PicOS/CC13XX/CC13XXWARE/driverlib/bin/gcc/driverlib.lib(setup_rom.o)
                              /home/stephen/Desktop/OLSONET/PICOS/PicOS/CC13XX/CC13XXWARE/driverlib/bin/gcc/driverlib.lib(setup.o) (NOROM_SetupAfterColdResetWakeupFromShutDownCfg1)
/home/stephen/Desktop/OLSONET/PICOS/PicOS/CC13XX/CC13XXWARE/driverlib/bin/gcc/driverlib.lib(sys_ctrl.o)
                              KTMP/main.o (NOROM_SysCtrlSetRechargeBeforePowerDown)
/home/stephen/Desktop/OLSONET/PICOS/PicOS/CC13XX/CC13XXWARE/driverlib/bin/gcc/driverlib.lib(chipinfo.o)
                              /home/stephen/Desktop/OLSONET/PICOS/PicOS/CC13XX/CC13XXWARE/driverlib/bin/gcc/driverlib.lib(setup.o) (NOROM_ThisCodeIsBuiltForCC13xxHwRev20AndLater_HaltIfViolated)
/home/stephen/Desktop/OLSONET/PICOS/PicOS/CC13XX/CC13XXWARE/driverlib/bin/gcc/driverlib.lib(ddi.o)
                              /home/stephen/Desktop/OLSONET/PICOS/PicOS/CC13XX/CC13XXWARE/driverlib/bin/gcc/driverlib.lib(setup_rom.o) (NOROM_DDI32RegWrite)
/usr/lib/gcc/arm-none-eabi/9.2.1/../../../arm-none-eabi/lib/thumb/nofp/libg.a(lib_a-memcpy-stub.o)
                              KTMP/rfprop.o (memcpy)
/usr/lib/gcc/arm-none-eabi/9.2.1/../../../arm-none-eabi/lib/thumb/nofp/libg.a(lib_a-memset.o)
                              /home/stephen/Desktop/OLSONET/PICOS/PicOS/CC13XX/CC13XXWARE/driverlib/bin/gcc/driverlib.lib(rfc.o) (memset)
/usr/lib/gcc/arm-none-eabi/9.2.1/../../../arm-none-eabi/lib/thumb/nofp/libg.a(lib_a-rand.o)
                              KTMP/app.o (rand)
/usr/lib/gcc/arm-none-eabi/9.2.1/../../../arm-none-eabi/lib/thumb/nofp/libg.a(lib_a-impure.o)
                              /usr/lib/gcc/arm-none-eabi/9.2.1/../../../arm-none-eabi/lib/thumb/nofp/libg.a(lib_a-rand.o) (_impure_ptr)
/usr/lib/gcc/arm-none-eabi/9.2.1/thumb/nofp/libgcc.a(_muldi3.o)
                              /usr/lib/gcc/arm-none-eabi/9.2.1/../../../arm-none-eabi/lib/thumb/nofp/libg.a(lib_a-rand.o) (__aeabi_lmul)

Allocating common symbols
Common symbol       size              file

__pi_uart           0x8               KTMP/main.o
system_event_count  0x4               KTMP/main.o
entropy             0x4               KTMP/kernel.o
response_checker    0x8               KTMP/app.o
__pi_mintk          0x2               KTMP/kernel.o
__pi_old            0x2               KTMP/kernel.o
__pi_systat         0x8               KTMP/kernel.o
reason              0x32              KTMP/app.o
__pi_new            0x2               KTMP/kernel.o
CHOICE              0x1               KTMP/app.o
__pi_utims          0x10              KTMP/kernel.o
__pi_curr           0x4               KTMP/kernel.o
node_db             0x4               KTMP/app.o

Discarded input sections

 .text          0x0000000000000000        0x0 KTMP/app.o
 .data          0x0000000000000000        0x0 KTMP/app.o
 .bss           0x0000000000000000        0x0 KTMP/app.o
 .text.set_node_id
                0x0000000000000000        0x6 KTMP/app.o
 .text.set_node_gid
                0x0000000000000000        0x6 KTMP/app.o
 .text.set_node_db_entry_count
                0x0000000000000000        0x8 KTMP/app.o
 .text.insert_record
                0x0000000000000000        0xc KTMP/app.o
 .text.retrieve_record
                0x0000000000000000       0x1e KTMP/app.o
 .text          0x0000000000000000        0x0 KTMP/main.o
 .data          0x0000000000000000        0x0 KTMP/main.o
 .bss           0x0000000000000000        0x0 KTMP/main.o
 .text.reset    0x0000000000000000       0x20 KTMP/main.o
[...]
Memory Configuration

Name             Origin             Length             Attributes
FLASH            0x0000000000000000 0x000000000001ffa8 xr
FLASH_CCFG       0x000000000001ffa8 0x0000000000000058 xr
SRAM             0x0000000020000000 0x0000000000005000 xrw
GPRAM            0x0000000011000000 0x0000000000002000 xrw
*default*        0x0000000000000000 0xffffffffffffffff

Linker script and memory map

                0x0000000020005000                _estack = (ORIGIN (SRAM) + LENGTH (SRAM))
                0x0000000000000000                _Min_Heap_Size = 0x0
                0x0000000000000100                _Min_Stack_Size = 0x100

.text           0x0000000000000000     0x5c00
                0x0000000000000000                _text = .
 *(.vectors)
 .vectors       0x0000000000000000       0xc8 KTMP/startup_gcc.o
                0x0000000000000000                g_pfnVectors
 *(.text*)
 .text.sender   0x00000000000000c8       0xbc KTMP/app.o
                0x00000000000000c8                sender
 .text.reset_array
                0x0000000000000184       0x14 KTMP/app.o
                0x0000000000000184                reset_array
 .text.init_node
                0x0000000000000198       0x24 KTMP/app.o
                0x0000000000000198                init_node
 .text.generate_request_num
                0x00000000000001bc       0x12 KTMP/app.o
                0x00000000000001bc                generate_request_num
 .text.clear_node_neighbour_array
                0x00000000000001ce       0x16 KTMP/app.o
                0x00000000000001ce                clear_node_neighbour_array
 .text.delete_record
                0x00000000000001e4       0x1c KTMP/app.o
                0x00000000000001e4                delete_record
 .text.delete_all
                0x0000000000000200       0x26 KTMP/app.o
                0x0000000000000200                delete_all
 .text.assemble_response_message
                0x0000000000000226       0x52 KTMP/app.o
                0x0000000000000226                assemble_response_message
 .text.receiver
                0x0000000000000278      0x3d0 KTMP/app.o
                0x0000000000000278                receiver
 .text.root     0x0000000000000648      0x580 KTMP/app.o
                0x0000000000000648                root
 .text.devinit_uart
                0x0000000000000bc8        0xc KTMP/main.o
 .text.udelay   0x0000000000000bd4       0x2c KTMP/main.o
                0x0000000000000bd4                udelay
 .text.mdelay   0x0000000000000c00       0x2a KTMP/main.o
                0x0000000000000c00                mdelay
 *fill*         0x0000000000000c2a        0x2 00000000
 .text.__pi_ondomain
                0x0000000000000c2c       0x3c KTMP/main.o
                0x0000000000000c2c                __pi_ondomain
 .text.__pi_offdomain
                0x0000000000000c68       0x40 KTMP/main.o
                0x0000000000000c68                __pi_offdomain
 .text.__pi_syserror
                0x0000000000000ca8       0x54 KTMP/main.o
                0x0000000000000ca8                __pi_syserror
 .text.tci_run_delay_timer
                0x0000000000000cfc       0x40 KTMP/main.o
                0x0000000000000cfc                tci_run_delay_timer
 .text.tci_run_auxiliary_timer
                0x0000000000000d3c       0x28 KTMP/main.o
                0x0000000000000d3c                tci_run_auxiliary_timer
 .text.AONRTCIntHandler
                0x0000000000000d64      0x114 KTMP/main.o
                0x0000000000000d64                AONRTCIntHandler
 .text.tci_update_delay_ticks
                0x0000000000000e78       0x50 KTMP/main.o
                0x0000000000000e78                tci_update_delay_ticks
 .text.__pi_uart_setrate
                0x0000000000000ec8       0x54 KTMP/main.o
                0x0000000000000ec8                __pi_uart_setrate
 .text.reinit_uart
                0x0000000000000f1c       0x38 KTMP/main.o
 .text.ioreq_uart_a
                0x0000000000000f54      0x110 KTMP/main.o
 .text.UART0IntHandler
                0x0000000000001064       0xc0 KTMP/main.o
                0x0000000000001064                UART0IntHandler
 .text.__buttons_setirq
                0x0000000000001124       0x44 KTMP/main.o
                0x0000000000001124                __buttons_setirq
 .text.__pinlist_setirq
                0x0000000000001168       0x3c KTMP/main.o
                0x0000000000001168                __pinlist_setirq
 .text.GPIOIntHandler
                0x00000000000011a4       0xa4 KTMP/main.o
                0x00000000000011a4                GPIOIntHandler
 .text.system_init
                0x0000000000001248      0x1b8 KTMP/main.o
                0x0000000000001248                system_init
 .text.setpowermode
                0x0000000000001400       0x24 KTMP/main.o
                0x0000000000001400                setpowermode
 .text.__pi_release
                0x0000000000001424      0x258 KTMP/main.o
                0x0000000000001424                __pi_release
 .text.halt     0x000000000000167c       0x30 KTMP/main.o
                0x000000000000167c                halt
 .text.startup.main
                0x00000000000016ac       0x60 KTMP/main.o
                0x00000000000016ac                main
 .text.killev   0x000000000000170c       0x3c KTMP/kernel.o
 .text.qfree    0x0000000000001748       0x80 KTMP/kernel.o
 .text.dgout    0x00000000000017c8       0x18 KTMP/kernel.o
 .text.__pi_badstate
                0x00000000000017e0       0x10 KTMP/kernel.o
                0x00000000000017e0                __pi_badstate
 .text.utimer_add
                0x00000000000017f0       0x2c KTMP/kernel.o
                0x00000000000017f0                utimer_add
 .text.__pi_utimer_set
                0x000000000000181c        0x6 KTMP/kernel.o
                0x000000000000181c                __pi_utimer_set
 *fill*         0x0000000000001822        0x2 00000000
 .text.update_n_wake
                0x0000000000001824       0xcc KTMP/kernel.o
                0x0000000000001824                update_n_wake
 .text.proceed  0x00000000000018f0       0x14 KTMP/kernel.o
                0x00000000000018f0                proceed
 .text.__pi_wait
                0x0000000000001904       0x34 KTMP/kernel.o
                0x0000000000001904                __pi_wait
 .text.__pi_trigger
                0x0000000000001938       0x34 KTMP/kernel.o
                0x0000000000001938                __pi_trigger
 .text.__pi_join
                0x000000000000196c       0x24 KTMP/kernel.o
                0x000000000000196c                __pi_join
 .text.delay    0x0000000000001990       0x38 KTMP/kernel.o
                0x0000000000001990                delay
 .text.running  0x00000000000019c8       0x24 KTMP/kernel.o
                0x00000000000019c8                running
 .text.__pi_strlen
                0x00000000000019ec        0xe KTMP/kernel.o
                0x00000000000019ec                __pi_strlen
 .text.__pi_strcpy
                0x00000000000019fa       0x10 KTMP/kernel.o
                0x00000000000019fa                __pi_strcpy
 .text.__pi_strncpy
                0x0000000000001a0a       0x1c KTMP/kernel.o
                0x0000000000001a0a                __pi_strncpy
 .text.__pi_memcpy
                0x0000000000001a26       0x14 KTMP/kernel.o
                0x0000000000001a26                __pi_memcpy
 .text.__pi_memset
                0x0000000000001a3a        0xe KTMP/kernel.o
                0x0000000000001a3a                __pi_memset
 .text.adddevfunc
                0x0000000000001a48       0x24 KTMP/kernel.o
                0x0000000000001a48                adddevfunc
 .text.io       0x0000000000001a6c       0x9c KTMP/kernel.o
                0x0000000000001a6c                io
 .text.__pi_malloc_init
                0x0000000000001b08       0x50 KTMP/kernel.o
                0x0000000000001b08                __pi_malloc_init
 .text.__pi_free
                0x0000000000001b58       0x48 KTMP/kernel.o
                0x0000000000001b58                __pi_free
 .text.kill     0x0000000000001ba0       0x50 KTMP/kernel.o
                0x0000000000001ba0                kill
 .text.__pi_malloc
                0x0000000000001bf0       0xa8 KTMP/kernel.o
                0x0000000000001bf0                __pi_malloc
 .text.__pi_fork
                0x0000000000001c98       0x34 KTMP/kernel.o
                0x0000000000001c98                __pi_fork
 .text.__pi_waitmem
                0x0000000000001ccc       0x18 KTMP/kernel.o
                0x0000000000001ccc                __pi_waitmem
 .text.diag     0x0000000000001ce4      0x13c KTMP/kernel.o
                0x0000000000001ce4                diag
 .text.lrnd     0x0000000000001e20       0x24 KTMP/kernel.o
                0x0000000000001e20                lrnd
 .text.apb      0x0000000000001e44       0x16 KTMP/tcv.o
 .text.deq      0x0000000000001e5a       0x1a KTMP/tcv.o
 .text.rlp      0x0000000000001e74        0xe KTMP/tcv.o
 *fill*         0x0000000000001e82        0x2 00000000
 .text.enq      0x0000000000001e84       0x4c KTMP/tcv.o
 .text.dispose  0x0000000000001ed0       0x8c KTMP/tcv.o
 .text.tcv_endp
                0x0000000000001f5c       0x70 KTMP/tcv.o
                0x0000000000001f5c                tcv_endp
 .text.tcv_open
                0x0000000000001fcc       0xc0 KTMP/tcv.o
                0x0000000000001fcc                tcv_open
 .text.tcv_plug
                0x000000000000208c       0x24 KTMP/tcv.o
                0x000000000000208c                tcv_plug
 .text.tcv_rnp  0x00000000000020b0       0x80 KTMP/tcv.o
                0x00000000000020b0                tcv_rnp
 .text.tcv_wnps
                0x0000000000002130       0xbc KTMP/tcv.o
                0x0000000000002130                tcv_wnps
 .text.tcvp_control
                0x00000000000021ec       0x2c KTMP/tcv.o
                0x00000000000021ec                tcvp_control
 .text.tcv_control
                0x0000000000002218       0x60 KTMP/tcv.o
                0x0000000000002218                tcv_control
 .text.tcvp_new
                0x0000000000002278       0x68 KTMP/tcv.o
                0x0000000000002278                tcvp_new
 .text.tcvphy_reg
                0x00000000000022e0       0x50 KTMP/tcv.o
                0x00000000000022e0                tcvphy_reg
 .text.tcvphy_rcv
                0x0000000000002330       0x9c KTMP/tcv.o
                0x0000000000002330                tcvphy_rcv
 .text.tcvphy_get
                0x00000000000023cc       0x40 KTMP/tcv.o
                0x00000000000023cc                tcvphy_get
 .text.tcvphy_top
                0x000000000000240c       0x34 KTMP/tcv.o
                0x000000000000240c                tcvphy_top
 .text.tcvphy_end
                0x0000000000002440       0x3c KTMP/tcv.o
                0x0000000000002440                tcvphy_end
 .text.tcv_init
                0x000000000000247c        0x2 KTMP/tcv.o
                0x000000000000247c                tcv_init
 .text.NmiSRHandler
                0x000000000000247e        0x2 KTMP/startup_gcc.o
                0x000000000000247e                NmiSR
 .text.FaultISRHandler
                0x0000000000002480        0x2 KTMP/startup_gcc.o
                0x0000000000002480                FaultISR
 .text.IntDefaultHandler
                0x0000000000002482        0x2 KTMP/startup_gcc.o
                0x0000000000002482                TRNGIntHandler
                0x0000000000002482                SSI0IntHandler
                0x0000000000002482                SWEvent0IntHandler
                0x0000000000002482                uDMAIntHandler
                0x0000000000002482                WatchdogIntHandler
                0x0000000000002482                RFCHardwareIntHandler
                0x0000000000002482                Timer1BIntHandler
                0x0000000000002482                I2SIntHandler
                0x0000000000002482                Timer2BIntHandler
                0x0000000000002482                Timer2AIntHandler
                0x0000000000002482                Timer1AIntHandler
                0x0000000000002482                AONIntHandler
                0x0000000000002482                AUXSWEvent0IntHandler
                0x0000000000002482                AUXADCIntHandler
                0x0000000000002482                PendSVIntHandler
                0x0000000000002482                RFCCPE1IntHandler
                0x0000000000002482                AUXSWEvent1IntHandler
                0x0000000000002482                SVCallIntHandler
                0x0000000000002482                MPUFaultIntHandler
                0x0000000000002482                SysTickIntHandler
                0x0000000000002482                BusFaultIntHandler
                0x0000000000002482                AONProgIntHandler
                0x0000000000002482                AUXCompAIntHandler
                0x0000000000002482                SSI1IntHandler
                0x0000000000002482                FlashIntHandler
                0x0000000000002482                uDMAErrIntHandler
                0x0000000000002482                UsageFaultIntHandler
                0x0000000000002482                RFCCmdAckIntHandler
                0x0000000000002482                CryptoIntHandler
                0x0000000000002482                Timer0AIntHandler
                0x0000000000002482                I2CIntHandler
                0x0000000000002482                DebugMonIntHandler
                0x0000000000002482                Timer0BIntHandler
                0x0000000000002482                AUXCombEventIntHandler
                0x0000000000002482                Timer3AIntHandler
                0x0000000000002482                DynProgIntHandler
                0x0000000000002482                Timer3BIntHandler
 .text.ResetISR
                0x0000000000002484       0x4c KTMP/startup_gcc.o
                0x0000000000002484                ResetISR
 .text.get_byte
                0x00000000000024d0       0x34 KTMP/storage_mx25r8035.o
 .text.put_byte
                0x0000000000002504       0x30 KTMP/storage_mx25r8035.o
 .text.cmd_0    0x0000000000002534       0x18 KTMP/storage_mx25r8035.o
 .text.wwait    0x000000000000254c       0x54 KTMP/storage_mx25r8035.o
 .text.ready    0x00000000000025a0       0x40 KTMP/storage_mx25r8035.o
 .text.cclose   0x00000000000025e0       0x24 KTMP/storage_mx25r8035.o
 .text.ee_open  0x0000000000002604       0x14 KTMP/storage_mx25r8035.o
                0x0000000000002604                ee_open
 .text.ee_close
                0x0000000000002618       0x14 KTMP/storage_mx25r8035.o
                0x0000000000002618                ee_close
 .text.ser_out  0x000000000000262c       0x6c KTMP/ser_out.o
                0x000000000000262c                ser_out
 .text.ser_in   0x0000000000002698       0x78 KTMP/ser_in.o
                0x0000000000002698                ser_in
 .text.ser_outf
                0x0000000000002710       0x54 KTMP/ser_outf.o
                0x0000000000002710                ser_outf
 .text.ser_inf  0x0000000000002764       0x60 KTMP/ser_inf.o
                0x0000000000002764                ser_inf
 .text.plugch   0x00000000000027c4       0x20 KTMP/rfprop.o
 .text.option   0x00000000000027e4      0x190 KTMP/rfprop.o
 .text.issue_cmd
                0x0000000000002974       0x48 KTMP/rfprop.o
 .text.rx_de    0x00000000000029bc       0x24 KTMP/rfprop.o
 .text.rf_off   0x00000000000029e0       0x5c KTMP/rfprop.o
 .text.wait_cmd.constprop.0
                0x0000000000002a3c       0x38 KTMP/rfprop.o
 .text.rf_on.part.0
                0x0000000000002a74      0x180 KTMP/rfprop.o
 .text.rx_int_enable
                0x0000000000002bf4       0xd0 KTMP/rfprop.o
 .text.cc1350_driver
                0x0000000000002cc4      0x1f0 KTMP/rfprop.o
                0x0000000000002cc4                cc1350_driver
 .text.RFCCPE0IntHandler
                0x0000000000002eb4       0x70 KTMP/rfprop.o
                0x0000000000002eb4                RFCCPE0IntHandler
 .text.phys_cc1350
                0x0000000000002f24      0x174 KTMP/rfprop.o
                0x0000000000002f24                phys_cc1350
 .text.tcv_clo_null
                0x0000000000003098       0x24 KTMP/plug_null.o
 .text.tcv_rcv_null
                0x00000000000030bc       0x24 KTMP/plug_null.o
 .text.tcv_frm_null
                0x00000000000030e0        0x8 KTMP/plug_null.o
 .text.tcv_out_null
                0x00000000000030e8        0x4 KTMP/plug_null.o
 .text.tcv_xmt_null
                0x00000000000030ec        0x4 KTMP/plug_null.o
 .text.tcv_ope_null
                0x00000000000030f0       0x48 KTMP/plug_null.o
 .text.__outserial
                0x0000000000003138       0x70 KTMP/__outserial.o
                0x0000000000003138                __outserial
 .text.__inserial
                0x00000000000031a8      0x11c KTMP/__inserial.o
                0x00000000000031a8                __inserial
 .text.outc.5724
                0x00000000000032c4       0x20 KTMP/vform.o
 .text.__pi_vfparse
                0x00000000000032e4      0x230 KTMP/vform.o
                0x00000000000032e4                __pi_vfparse
 .text.vform    0x0000000000003514       0x50 KTMP/vform.o
                0x0000000000003514                vform
 .text.vscan    0x0000000000003564      0x390 KTMP/vscan.o
                0x0000000000003564                vscan
 .text.SafeHapiVoid
                0x00000000000038f4       0x28 /home/stephen/Desktop/OLSONET/PICOS/PicOS/CC13XX/CC13XXWARE/driverlib/bin/gcc/driverlib.lib(adi.o)
                0x00000000000038f4                SafeHapiVoid
 .text.NOROM_AONBatMonTemperatureGetDegC
                0x000000000000391c       0x30 /home/stephen/Desktop/OLSONET/PICOS/PicOS/CC13XX/CC13XXWARE/driverlib/bin/gcc/driverlib.lib(aon_batmon.o)
                0x000000000000391c                NOROM_AONBatMonTemperatureGetDegC
 .text.NOROM_AONRTCCurrentCompareValueGet
                0x000000000000394c       0x20 /home/stephen/Desktop/OLSONET/PICOS/PicOS/CC13XX/CC13XXWARE/driverlib/bin/gcc/driverlib.lib(aon_rtc.o)
                0x000000000000394c                NOROM_AONRTCCurrentCompareValueGet
 .text.NOROM_AONRTCCurrent64BitValueGet
                0x000000000000396c       0x18 /home/stephen/Desktop/OLSONET/PICOS/PicOS/CC13XX/CC13XXWARE/driverlib/bin/gcc/driverlib.lib(aon_rtc.o)
                0x000000000000396c                NOROM_AONRTCCurrent64BitValueGet
 .text.NOROM_CPUcpsid
                0x0000000000003984        0x8 /home/stephen/Desktop/OLSONET/PICOS/PicOS/CC13XX/CC13XXWARE/driverlib/bin/gcc/driverlib.lib(cpu.o)
                0x0000000000003984                NOROM_CPUcpsid
 .text.NOROM_CPUcpsie
                0x000000000000398c        0x8 /home/stephen/Desktop/OLSONET/PICOS/PicOS/CC13XX/CC13XXWARE/driverlib/bin/gcc/driverlib.lib(cpu.o)
                0x000000000000398c                NOROM_CPUcpsie
 .text.NOROM_OSCClockSourceSet
                0x0000000000003994       0x5c /home/stephen/Desktop/OLSONET/PICOS/PicOS/CC13XX/CC13XXWARE/driverlib/bin/gcc/driverlib.lib(osc.o)
                0x0000000000003994                NOROM_OSCClockSourceSet
 .text.NOROM_OSCClockSourceGet
                0x00000000000039f0       0x2c /home/stephen/Desktop/OLSONET/PICOS/PicOS/CC13XX/CC13XXWARE/driverlib/bin/gcc/driverlib.lib(osc.o)
                0x00000000000039f0                NOROM_OSCClockSourceGet
 .text.NOROM_OSCHF_TurnOnXosc
                0x0000000000003a1c       0x18 /home/stephen/Desktop/OLSONET/PICOS/PicOS/CC13XX/CC13XXWARE/driverlib/bin/gcc/driverlib.lib(osc.o)
                0x0000000000003a1c                NOROM_OSCHF_TurnOnXosc
 .text.NOROM_OSCHF_AttemptToSwitchToXosc
                0x0000000000003a34       0x60 /home/stephen/Desktop/OLSONET/PICOS/PicOS/CC13XX/CC13XXWARE/driverlib/bin/gcc/driverlib.lib(osc.o)
                0x0000000000003a34                NOROM_OSCHF_AttemptToSwitchToXosc
 .text.NOROM_OSCHF_SwitchToRcOscTurnOffXosc
                0x0000000000003a94       0x34 /home/stephen/Desktop/OLSONET/PICOS/PicOS/CC13XX/CC13XXWARE/driverlib/bin/gcc/driverlib.lib(osc.o)
                0x0000000000003a94                NOROM_OSCHF_SwitchToRcOscTurnOffXosc
 .text.NOROM_RFCDoorbellSendTo
                0x0000000000003ac8       0x28 /home/stephen/Desktop/OLSONET/PICOS/PicOS/CC13XX/CC13XXWARE/driverlib/bin/gcc/driverlib.lib(rfc.o)
                0x0000000000003ac8                NOROM_RFCDoorbellSendTo
 .text.NOROM_RFCSynthPowerDown
                0x0000000000003af0       0x4c /home/stephen/Desktop/OLSONET/PICOS/PicOS/CC13XX/CC13XXWARE/driverlib/bin/gcc/driverlib.lib(rfc.o)
                0x0000000000003af0                NOROM_RFCSynthPowerDown
 .text.NOROM_RFCRfTrimRead
                0x0000000000003b3c      0x150 /home/stephen/Desktop/OLSONET/PICOS/PicOS/CC13XX/CC13XXWARE/driverlib/bin/gcc/driverlib.lib(rfc.o)
                0x0000000000003b3c                NOROM_RFCRfTrimRead
 .text.NOROM_RFCRTrim
                0x0000000000003c8c      0x118 /home/stephen/Desktop/OLSONET/PICOS/PicOS/CC13XX/CC13XXWARE/driverlib/bin/gcc/driverlib.lib(rfc.o)
                0x0000000000003c8c                NOROM_RFCRTrim
 .text.NOROM_RFCRfTrimSet
                0x0000000000003da4       0x20 /home/stephen/Desktop/OLSONET/PICOS/PicOS/CC13XX/CC13XXWARE/driverlib/bin/gcc/driverlib.lib(rfc.o)
                0x0000000000003da4                NOROM_RFCRfTrimSet
 .text.NOROM_RFCAdi3VcoLdoVoltageMode
                0x0000000000003dc4       0x1c /home/stephen/Desktop/OLSONET/PICOS/PicOS/CC13XX/CC13XXWARE/driverlib/bin/gcc/driverlib.lib(rfc.o)
                0x0000000000003dc4                NOROM_RFCAdi3VcoLdoVoltageMode
 .text.TrimAfterColdResetWakeupFromShutDown
                0x0000000000003de0       0xd4 /home/stephen/Desktop/OLSONET/PICOS/PicOS/CC13XX/CC13XXWARE/driverlib/bin/gcc/driverlib.lib(setup.o)
 .text.NOROM_SetupTrimDevice
                0x0000000000003eb4       0xa4 /home/stephen/Desktop/OLSONET/PICOS/PicOS/CC13XX/CC13XXWARE/driverlib/bin/gcc/driverlib.lib(setup.o)
                0x0000000000003eb4                NOROM_SetupTrimDevice
 .text.NOROM_SetupSetVddrLevel
                0x0000000000003f58       0x7c /home/stephen/Desktop/OLSONET/PICOS/PicOS/CC13XX/CC13XXWARE/driverlib/bin/gcc/driverlib.lib(setup_rom.o)
                0x0000000000003f58                NOROM_SetupSetVddrLevel
 .text.NOROM_SetupAfterColdResetWakeupFromShutDownCfg1
                0x0000000000003fd4       0xac /home/stephen/Desktop/OLSONET/PICOS/PicOS/CC13XX/CC13XXWARE/driverlib/bin/gcc/driverlib.lib(setup_rom.o)
                0x0000000000003fd4                NOROM_SetupAfterColdResetWakeupFromShutDownCfg1
 .text.NOROM_SetupGetTrimForAnabypassValue1
                0x0000000000004080       0x5c /home/stephen/Desktop/OLSONET/PICOS/PicOS/CC13XX/CC13XXWARE/driverlib/bin/gcc/driverlib.lib(setup_rom.o)
                0x0000000000004080                NOROM_SetupGetTrimForAnabypassValue1
 .text.NOROM_SetupGetTrimForRcOscLfRtuneCtuneTrim
                0x00000000000040dc       0x18 /home/stephen/Desktop/OLSONET/PICOS/PicOS/CC13XX/CC13XXWARE/driverlib/bin/gcc/driverlib.lib(setup_rom.o)
                0x00000000000040dc                NOROM_SetupGetTrimForRcOscLfRtuneCtuneTrim
 .text.NOROM_SetupGetTrimForAmpcompTh2
                0x00000000000040f4       0x10 /home/stephen/Desktop/OLSONET/PICOS/PicOS/CC13XX/CC13XXWARE/driverlib/bin/gcc/driverlib.lib(setup_rom.o)
                0x00000000000040f4                NOROM_SetupGetTrimForAmpcompTh2
 .text.NOROM_SetupGetTrimForAmpcompTh1
                0x0000000000004104       0x14 /home/stephen/Desktop/OLSONET/PICOS/PicOS/CC13XX/CC13XXWARE/driverlib/bin/gcc/driverlib.lib(setup_rom.o)
                0x0000000000004104                NOROM_SetupGetTrimForAmpcompTh1
 .text.NOROM_SetupGetTrimForAmpcompCtrl
                0x0000000000004118       0x64 /home/stephen/Desktop/OLSONET/PICOS/PicOS/CC13XX/CC13XXWARE/driverlib/bin/gcc/driverlib.lib(setup_rom.o)
                0x0000000000004118                NOROM_SetupGetTrimForAmpcompCtrl
 .text.NOROM_SetupGetTrimForDblrLoopFilterResetVoltage
                0x000000000000417c       0x14 /home/stephen/Desktop/OLSONET/PICOS/PicOS/CC13XX/CC13XXWARE/driverlib/bin/gcc/driverlib.lib(setup_rom.o)
                0x000000000000417c                NOROM_SetupGetTrimForDblrLoopFilterResetVoltage
 .text.NOROM_SetupGetTrimForAdcShModeEn
                0x0000000000004190       0x14 /home/stephen/Desktop/OLSONET/PICOS/PicOS/CC13XX/CC13XXWARE/driverlib/bin/gcc/driverlib.lib(setup_rom.o)
                0x0000000000004190                NOROM_SetupGetTrimForAdcShModeEn
 .text.NOROM_SetupGetTrimForAdcShVbufEn
                0x00000000000041a4       0x14 /home/stephen/Desktop/OLSONET/PICOS/PicOS/CC13XX/CC13XXWARE/driverlib/bin/gcc/driverlib.lib(setup_rom.o)
                0x00000000000041a4                NOROM_SetupGetTrimForAdcShVbufEn
 .text.NOROM_SetupGetTrimForXoscHfCtl
                0x00000000000041b8       0x28 /home/stephen/Desktop/OLSONET/PICOS/PicOS/CC13XX/CC13XXWARE/driverlib/bin/gcc/driverlib.lib(setup_rom.o)
                0x00000000000041b8                NOROM_SetupGetTrimForXoscHfCtl
 .text.NOROM_SetupGetTrimForXoscHfFastStart
                0x00000000000041e0       0x10 /home/stephen/Desktop/OLSONET/PICOS/PicOS/CC13XX/CC13XXWARE/driverlib/bin/gcc/driverlib.lib(setup_rom.o)
                0x00000000000041e0                NOROM_SetupGetTrimForXoscHfFastStart
 .text.NOROM_SetupGetTrimForRadcExtCfg
                0x00000000000041f0       0x2c /home/stephen/Desktop/OLSONET/PICOS/PicOS/CC13XX/CC13XXWARE/driverlib/bin/gcc/driverlib.lib(setup_rom.o)
                0x00000000000041f0                NOROM_SetupGetTrimForRadcExtCfg
 .text.NOROM_SetupGetTrimForRcOscLfIBiasTrim
                0x000000000000421c       0x14 /home/stephen/Desktop/OLSONET/PICOS/PicOS/CC13XX/CC13XXWARE/driverlib/bin/gcc/driverlib.lib(setup_rom.o)
                0x000000000000421c                NOROM_SetupGetTrimForRcOscLfIBiasTrim
 .text.NOROM_SetupGetTrimForXoscLfRegulatorAndCmirrwrRatio
                0x0000000000004230       0x14 /home/stephen/Desktop/OLSONET/PICOS/PicOS/CC13XX/CC13XXWARE/driverlib/bin/gcc/driverlib.lib(setup_rom.o)
                0x0000000000004230                NOROM_SetupGetTrimForXoscLfRegulatorAndCmirrwrRatio
 .text.NOROM_SetupAfterColdResetWakeupFromShutDownCfg2
                0x0000000000004244      0x110 /home/stephen/Desktop/OLSONET/PICOS/PicOS/CC13XX/CC13XXWARE/driverlib/bin/gcc/driverlib.lib(setup_rom.o)
                0x0000000000004244                NOROM_SetupAfterColdResetWakeupFromShutDownCfg2
 .text.NOROM_SetupSetCacheModeAccordingToCcfgSetting
                0x0000000000004354       0x64 /home/stephen/Desktop/OLSONET/PICOS/PicOS/CC13XX/CC13XXWARE/driverlib/bin/gcc/driverlib.lib(setup_rom.o)
                0x0000000000004354                NOROM_SetupSetCacheModeAccordingToCcfgSetting
 .text.NOROM_SetupSetAonRtcSubSecInc
                0x00000000000043b8       0x28 /home/stephen/Desktop/OLSONET/PICOS/PicOS/CC13XX/CC13XXWARE/driverlib/bin/gcc/driverlib.lib(setup_rom.o)
                0x00000000000043b8                NOROM_SetupSetAonRtcSubSecInc
 .text.NOROM_SetupAfterColdResetWakeupFromShutDownCfg3
                0x00000000000043e0      0x150 /home/stephen/Desktop/OLSONET/PICOS/PicOS/CC13XX/CC13XXWARE/driverlib/bin/gcc/driverlib.lib(setup_rom.o)
                0x00000000000043e0                NOROM_SetupAfterColdResetWakeupFromShutDownCfg3
 .text.NOROM_SysCtrlSetRechargeBeforePowerDown
                0x0000000000004530      0x220 /home/stephen/Desktop/OLSONET/PICOS/PicOS/CC13XX/CC13XXWARE/driverlib/bin/gcc/driverlib.lib(sys_ctrl.o)
                0x0000000000004530                NOROM_SysCtrlSetRechargeBeforePowerDown
 .text.NOROM_SysCtrlAdjustRechargeAfterPowerDown
                0x0000000000004750       0x60 /home/stephen/Desktop/OLSONET/PICOS/PicOS/CC13XX/CC13XXWARE/driverlib/bin/gcc/driverlib.lib(sys_ctrl.o)
                0x0000000000004750                NOROM_SysCtrlAdjustRechargeAfterPowerDown
 .text.NOROM_SysCtrlResetSourceGet
                0x00000000000047b0       0x18 /home/stephen/Desktop/OLSONET/PICOS/PicOS/CC13XX/CC13XXWARE/driverlib/bin/gcc/driverlib.lib(sys_ctrl.o)
                0x00000000000047b0                NOROM_SysCtrlResetSourceGet
 .text.NOROM_ChipInfo_GetChipFamily
                0x00000000000047c8       0x4c /home/stephen/Desktop/OLSONET/PICOS/PicOS/CC13XX/CC13XXWARE/driverlib/bin/gcc/driverlib.lib(chipinfo.o)
                0x00000000000047c8                NOROM_ChipInfo_GetChipFamily
 .text.NOROM_ChipInfo_GetHwRevision
                0x0000000000004814       0x6c /home/stephen/Desktop/OLSONET/PICOS/PicOS/CC13XX/CC13XXWARE/driverlib/bin/gcc/driverlib.lib(chipinfo.o)
                0x0000000000004814                NOROM_ChipInfo_GetHwRevision
 .text.NOROM_ThisCodeIsBuiltForCC13xxHwRev20AndLater_HaltIfViolated
                0x0000000000004880       0x16 /home/stephen/Desktop/OLSONET/PICOS/PicOS/CC13XX/CC13XXWARE/driverlib/bin/gcc/driverlib.lib(chipinfo.o)
                0x0000000000004880                NOROM_ThisCodeIsBuiltForCC13xxHwRev20AndLater_HaltIfViolated
 *fill*         0x0000000000004896        0x2 00000000
 .text.AuxAdiDdiSafeWrite.constprop.1
                0x0000000000004898       0x28 /home/stephen/Desktop/OLSONET/PICOS/PicOS/CC13XX/CC13XXWARE/driverlib/bin/gcc/driverlib.lib(ddi.o)
 .text.NOROM_DDI32RegWrite
                0x00000000000048c0        0x8 /home/stephen/Desktop/OLSONET/PICOS/PicOS/CC13XX/CC13XXWARE/driverlib/bin/gcc/driverlib.lib(ddi.o)
                0x00000000000048c0                NOROM_DDI32RegWrite
 .text          0x00000000000048c8       0xac /usr/lib/gcc/arm-none-eabi/9.2.1/../../../arm-none-eabi/lib/thumb/nofp/libg.a(lib_a-memcpy-stub.o)
                0x00000000000048c8                memcpy
 .text          0x0000000000004974       0x4c /usr/lib/gcc/arm-none-eabi/9.2.1/../../../arm-none-eabi/lib/thumb/nofp/libg.a(lib_a-rand.o)
                0x0000000000004974                srand
                0x0000000000004988                rand
 .text          0x00000000000049c0       0x54 /usr/lib/gcc/arm-none-eabi/9.2.1/thumb/nofp/libgcc.a(_muldi3.o)
                0x00000000000049c0                __aeabi_lmul
                0x00000000000049c0                __muldi3
 *(.rodata*)
 .rodata.sender.str1.1
                0x0000000000004a14       0x38 KTMP/app.o
 .rodata.init_node.str1.1
                0x0000000000004a4c       0x1c KTMP/app.o
 .rodata.receiver.str1.1
                0x0000000000004a68      0x2e3 KTMP/app.o
 .rodata.root.str1.1
                0x0000000000004d4b      0x30d KTMP/app.o
                                        0x310 (size before relaxing)
 .rodata.__pi_syserror.str1.1
                0x0000000000005058        0xf KTMP/main.o
 .rodata.ioreq_uart_a.str1.1
                0x0000000000005067        0x8 KTMP/main.o
 .rodata.system_init.str1.1
                0x000000000000506f       0x63 KTMP/main.o
                                         0x64 (size before relaxing)
 .rodata.__pi_release.str1.1
                0x00000000000050d2        0x3 KTMP/main.o
 .rodata.halt.str1.1
                0x00000000000050d5        0xd KTMP/main.o
 *fill*         0x00000000000050e2        0x2 00000000
 .rodata.port_confs
                0x00000000000050e4       0x44 KTMP/main.o
                0x00000000000050e4                port_confs
 .rodata.__pi_badstate.str1.1
                0x0000000000005128        0x6 KTMP/kernel.o
 .rodata.utimer_add.str1.1
                0x000000000000512e        0x5 KTMP/kernel.o
 .rodata.__pi_wait.str1.1
                0x0000000000005133        0x3 KTMP/kernel.o
 .rodata.adddevfunc.str1.1
                0x0000000000005136        0x5 KTMP/kernel.o
 .rodata.io.str1.1
                0x000000000000513b        0x3 KTMP/kernel.o
 .rodata.__pi_malloc_init.str1.1
                0x000000000000513e        0x5 KTMP/kernel.o
 .rodata.__pi_free.str1.1
                0x0000000000005143        0x5 KTMP/kernel.o
 .rodata.kill.str1.1
                0x0000000000005148        0x4 KTMP/kernel.o
 .rodata.__pi_malloc.str1.1
                0x000000000000514c        0x5 KTMP/kernel.o
 .rodata.__pi_hex_enc_table
                0x0000000000005151       0x10 KTMP/kernel.o
                0x0000000000005151                __pi_hex_enc_table
 .rodata.enq.str1.1
                0x0000000000005161        0x6 KTMP/tcv.o
 .rodata.dispose.str1.1
                0x0000000000005167       0x18 KTMP/tcv.o
 .rodata.tcv_endp.str1.1
                0x000000000000517f        0xc KTMP/tcv.o
 .rodata.tcv_open.str1.1
                0x000000000000518b       0x12 KTMP/tcv.o
 .rodata.tcv_rnp.str1.1
                0x000000000000519d        0xc KTMP/tcv.o
 .rodata.tcv_wnps.str1.1
                0x00000000000051a9       0x12 KTMP/tcv.o
 .rodata.tcvp_control.str1.1
                0x00000000000051bb        0x6 KTMP/tcv.o
 .rodata.tcv_control.str1.1
                0x00000000000051c1        0x6 KTMP/tcv.o
 .rodata.tcvp_new.str1.1
                0x00000000000051c7        0xc KTMP/tcv.o
 .rodata.tcvphy_reg.str1.1
                0x00000000000051d3        0xc KTMP/tcv.o
 .rodata.tcvphy_rcv.str1.1
                0x00000000000051df        0xc KTMP/tcv.o
 .rodata.tcvphy_get.str1.1
                0x00000000000051eb        0x6 KTMP/tcv.o
 .rodata.tcvphy_top.str1.1
                0x00000000000051f1        0x6 KTMP/tcv.o
 .rodata.tcvphy_end.str1.1
                0x00000000000051f7        0x6 KTMP/tcv.o
 .rodata.__input_pins
                0x00000000000051fd        0x4 KTMP/pin_sensor.o
                0x00000000000051fd                __input_pins
 *fill*         0x0000000000005201        0x1 00000000
 .rodata.__button_list
                0x0000000000005202        0x4 KTMP/buttons.o
                0x0000000000005202                __button_list
 .rodata.option.str1.1
                0x0000000000005206        0x8 KTMP/rfprop.o
 .rodata.issue_cmd.str1.1
                0x000000000000520e       0x19 KTMP/rfprop.o
 .rodata.wait_cmd.constprop.0.str1.1
                0x0000000000005227       0x14 KTMP/rfprop.o
 .rodata.rx_int_enable.str1.1
                0x000000000000523b        0x7 KTMP/rfprop.o
 .rodata.cc1350_driver.str1.1
                0x0000000000005242        0x8 KTMP/rfprop.o
 .rodata.phys_cc1350.str1.1
                0x000000000000524a       0x20 KTMP/rfprop.o
 .rodata.patable
                0x000000000000526a       0x10 KTMP/rfprop.o
 *fill*         0x000000000000527a        0x2 00000000
 .rodata.patchGenfskRfe
                0x000000000000527c      0x6b4 KTMP/rfprop.o
 .rodata.patchImageGenfsk
                0x0000000000005930      0x28c KTMP/rfprop.o
 .rodata.ratable
                0x0000000000005bbc        0xc KTMP/rfprop.o
 .rodata.tcv_ope_null.str1.1
                0x0000000000005bc8       0x17 KTMP/plug_null.o
 *fill*         0x0000000000005bdf        0x1 00000000
 .rodata.plug_null
                0x0000000000005be0       0x20 KTMP/plug_null.o
                0x0000000000005be0                plug_null
 *(.init)
 *(.fini*)
 *(.eh_frame*)
                0x0000000000005c00                _etext = .

.glue_7         0x0000000000005c00        0x0
 .glue_7        0x0000000000005c00        0x0 linker stubs

.glue_7t        0x0000000000005c00        0x0
 .glue_7t       0x0000000000005c00        0x0 linker stubs

.vfp11_veneer   0x0000000000005c00        0x0
 .vfp11_veneer  0x0000000000005c00        0x0 linker stubs

.v4_bx          0x0000000000005c00        0x0
 .v4_bx         0x0000000000005c00        0x0 linker stubs

.iplt           0x0000000000005c00        0x0
 .iplt          0x0000000000005c00        0x0 KTMP/app.o

.ARM.exidx      0x0000000000005c00        0x0
                0x0000000000005c00                __exidx_start = .
 *(.ARM.exidx* .gnu.linkonce.armexidx.*)
                0x0000000000005c00                __exidx_end = .

.ARM.extab
 *(.ARM.extab* .gnu.linkonce.armextab.*)

.data           0x0000000020000000      0x540 load address 0x0000000000005c00
                0x0000000020000000                _data = .
 *(vtable)
 *(.data*)
 .data.sfd      0x0000000020000000        0x4 KTMP/app.o
                0x0000000020000000                sfd
 .data.__pi_seed
                0x0000000020000004        0x4 KTMP/kernel.o
                0x0000000020000004                __pi_seed
 .data.cmd_cs   0x0000000020000008       0x1c KTMP/rfprop.o
 .data.cmd_srt  0x0000000020000024       0x14 KTMP/rfprop.o
 .data.offdelay
                0x0000000020000038        0x2 KTMP/rfprop.o
 .data.vrate    0x000000002000003a        0x1 KTMP/rfprop.o
 *fill*         0x000000002000003b        0x1 
 .data.RF_cmdFs
                0x000000002000003c       0x18 KTMP/smartrf_settings_lp_hr.o
                0x000000002000003c                RF_cmdFs
 .data.RF_cmdPropRadioDivSetup
                0x0000000020000054       0x28 KTMP/smartrf_settings_lp_hr.o
                0x0000000020000054                RF_cmdPropRadioDivSetup
 .data.RF_cmdPropRx
                0x000000002000007c       0x24 KTMP/smartrf_settings_lp_hr.o
                0x000000002000007c                RF_cmdPropRx
 .data.RF_cmdPropTx
                0x00000000200000a0       0x18 KTMP/smartrf_settings_lp_hr.o
                0x00000000200000a0                RF_cmdPropTx
 .data.pOverrides
                0x00000000200000b8       0x54 KTMP/smartrf_settings_lp_hr.o
 *fill*         0x000000002000010c        0x4 
 .data          0x0000000020000110      0x430 /usr/lib/gcc/arm-none-eabi/9.2.1/../../../arm-none-eabi/lib/thumb/nofp/libg.a(lib_a-impure.o)
                0x0000000020000110                _impure_ptr
                0x0000000020000540                _edata = .

.igot.plt       0x0000000020000540        0x0 load address 0x0000000000006140
 .igot.plt      0x0000000020000540        0x0 KTMP/app.o

.bss            0x0000000020000540      0x194 load address 0x0000000000006140
                0x0000000020000540                __bss_start__ = .
                0x0000000020000540                _bss = .
 *(.bss*)
 .bss.array.6522
                0x0000000020000540       0x14 KTMP/app.o
 .bss.discovery_wait_flag.6580
                0x0000000020000554        0x4 KTMP/app.o
 .bss.incoming_packet.6521
                0x0000000020000558        0x4 KTMP/app.o
 .bss.packet.6501
                0x000000002000055c        0x4 KTMP/app.o
 .bss.response_flag
                0x0000000020000560        0x2 KTMP/app.o
                0x0000000020000560                response_flag
 *fill*         0x0000000020000562        0x2 
 .bss.response_message_5.6520
                0x0000000020000564        0x4 KTMP/app.o
 .bss.user_provided_index.6582
                0x0000000020000568        0x1 KTMP/app.o
 .bss.user_provided_receiver_id.6583
                0x0000000020000569        0x1 KTMP/app.o
 .bss.user_provided_record.6581
                0x000000002000056a       0x14 KTMP/app.o
 .bss.setdel    0x000000002000057e        0x2 KTMP/main.o
 .bss.urates    0x0000000020000580        0x2 KTMP/main.o
 *fill*         0x0000000020000582        0x2 
 .bss.__PCB     0x0000000020000584        0x4 KTMP/kernel.o
                0x0000000020000584                __PCB
 .bss.ioreq     0x0000000020000588        0x4 KTMP/kernel.o
 .bss.mcfree    0x000000002000058c        0x4 KTMP/kernel.o
 .bss.mevent    0x0000000020000590        0x2 KTMP/kernel.o
 *fill*         0x0000000020000592        0x2 
 .bss.mnfree    0x0000000020000594        0x4 KTMP/kernel.o
 .bss.mpools    0x0000000020000598        0x4 KTMP/kernel.o
 .bss.descriptors
                0x000000002000059c       0x20 KTMP/tcv.o
 .bss.oqueues   0x00000000200005bc        0xc KTMP/tcv.o
 .bss.physical  0x00000000200005c8        0xc KTMP/tcv.o
 .bss.physinfo  0x00000000200005d4        0xc KTMP/tcv.o
 .bss.plugins   0x00000000200005e0        0xc KTMP/tcv.o
 .bss.dopen     0x00000000200005ec        0x1 KTMP/storage_mx25r8035.o
 .bss.dstat     0x00000000200005ed        0x1 KTMP/storage_mx25r8035.o
 .bss.bckf_timer
                0x00000000200005ee        0x2 KTMP/rfprop.o
 .bss.channel   0x00000000200005f0        0x1 KTMP/rfprop.o
 *fill*         0x00000000200005f1        0x3 
 .bss.drvprcs   0x00000000200005f4        0x4 KTMP/rfprop.o
 .bss.dstate    0x00000000200005f8        0x1 KTMP/rfprop.o
 *fill*         0x00000000200005f9        0x3 
 .bss.paylen    0x00000000200005fc        0x4 KTMP/rfprop.o
 .bss.physid    0x0000000020000600        0x2 KTMP/rfprop.o
 *fill*         0x0000000020000602        0x2 
 .bss.qevent    0x0000000020000604        0x4 KTMP/rfprop.o
 .bss.rbuffl    0x0000000020000608        0x1 KTMP/rfprop.o
 *fill*         0x0000000020000609        0x3 
 .bss.rfTrim    0x000000002000060c       0x10 KTMP/rfprop.o
 .bss.rxstat    0x000000002000061c        0xc KTMP/rfprop.o
 .bss.statid    0x0000000020000628        0x2 KTMP/rfprop.o
 .bss.txtries   0x000000002000062a        0x1 KTMP/rfprop.o
 *fill*         0x000000002000062b        0x1 
 .bss.ndsc_null
                0x000000002000062c        0x4 KTMP/plug_null.o
 .bss.len.5699  0x0000000020000630        0x4 KTMP/__outserial.o
 .bss.ptr.5698  0x0000000020000634        0x4 KTMP/__outserial.o
 .bss.__inpline
                0x0000000020000638        0x4 KTMP/__inserial.o
                0x0000000020000638                __inpline
 .bss.len.5700  0x000000002000063c        0x4 KTMP/__inserial.o
 .bss.ptr.5699  0x0000000020000640        0x4 KTMP/__inserial.o
 .bss.oscHfGlobals
                0x0000000020000644       0x14 /home/stephen/Desktop/OLSONET/PICOS/PicOS/CC13XX/CC13XXWARE/driverlib/bin/gcc/driverlib.lib(osc.o)
 .bss.powerQualGlobals
                0x0000000020000658        0x8 /home/stephen/Desktop/OLSONET/PICOS/PicOS/CC13XX/CC13XXWARE/driverlib/bin/gcc/driverlib.lib(sys_ctrl.o)
 *(COMMON)
 COMMON         0x0000000020000660       0x40 KTMP/app.o
                0x0000000020000660                response_checker
                0x0000000020000668                reason
                0x000000002000069a                CHOICE
                0x000000002000069c                node_db
 COMMON         0x00000000200006a0        0xc KTMP/main.o
                0x00000000200006a0                __pi_uart
                0x00000000200006a8                system_event_count
 COMMON         0x00000000200006ac       0x28 KTMP/kernel.o
                0x00000000200006ac                entropy
                0x00000000200006b0                __pi_mintk
                0x00000000200006b2                __pi_old
                0x00000000200006b4                __pi_systat
                0x00000000200006bc                __pi_new
                0x00000000200006c0                __pi_utims
                0x00000000200006d0                __pi_curr
                0x00000000200006d4                . = ALIGN (0x4)
                0x00000000200006d4                _ebss = .
                0x00000000200006d4                __bss_end__ = .

.ccfg           0x000000000001ffa8       0x58
 *(.ccfg)
 .ccfg          0x000000000001ffa8       0x58 KTMP/ccfg.o
                0x000000000001ffa8                __ccfg

.rel.dyn        0x0000000000020000        0x0
 .rel.iplt      0x0000000000020000        0x0 KTMP/app.o

._user_heap_stack
                0x00000000200006d4      0x100
                0x00000000200006d4                . = ALIGN (0x4)
                0x00000000200006d4                . = (. + _Min_Heap_Size)
                0x00000000200007d4                . = (. + _Min_Stack_Size)
 *fill*         0x00000000200006d4      0x100 
                0x00000000200007d4                . = ALIGN (0x4)

.gpram
LOAD KTMP/app.o
LOAD KTMP/main.o
LOAD KTMP/kernel.o
LOAD KTMP/tcv.o
LOAD KTMP/startup_gcc.o
LOAD KTMP/ccfg.o
LOAD KTMP/sensors.o
LOAD KTMP/analog_sensor.o
LOAD KTMP/pin_sensor.o
LOAD KTMP/pins_sys.o
LOAD KTMP/buttons.o
LOAD KTMP/storage_mx25r8035.o
LOAD KTMP/ser_out.o
LOAD KTMP/ser_outb.o
LOAD KTMP/ser_in.o
LOAD KTMP/ser_select.o
LOAD KTMP/form.o
LOAD KTMP/scan.o
LOAD KTMP/ser_outf.o
LOAD KTMP/ser_inf.o
LOAD KTMP/rfprop.o
LOAD KTMP/plug_null.o
LOAD KTMP/__outserial.o
LOAD KTMP/__inserial.o
LOAD KTMP/vform.o
LOAD KTMP/vscan.o
LOAD KTMP/smartrf_settings_lp_hr.o
LOAD /home/stephen/Desktop/OLSONET/PICOS/PicOS/CC13XX/CC13XXWARE/driverlib/bin/gcc/driverlib.lib
START GROUP
LOAD /usr/lib/gcc/arm-none-eabi/9.2.1/thumb/nofp/libgcc.a
LOAD /usr/lib/gcc/arm-none-eabi/9.2.1/../../../arm-none-eabi/lib/thumb/nofp/libg.a
LOAD /usr/lib/gcc/arm-none-eabi/9.2.1/../../../arm-none-eabi/lib/thumb/nofp/libc.a
END GROUP
START GROUP
LOAD /usr/lib/gcc/arm-none-eabi/9.2.1/thumb/nofp/libgcc.a
LOAD /usr/lib/gcc/arm-none-eabi/9.2.1/../../../arm-none-eabi/lib/thumb/nofp/libc.a
LOAD /usr/lib/gcc/arm-none-eabi/9.2.1/../../../arm-none-eabi/lib/thumb/nofp/libnosys.a
END GROUP
OUTPUT(Image elf32-littlearm)
LOAD linker stubs

.debug_info     0x0000000000000000    0x1465d
 .debug_info    0x0000000000000000     0x1c0e KTMP/app.o
 .debug_info    0x0000000000001c0e     0x1490 KTMP/main.o
 .debug_info    0x000000000000309e     0x1223 KTMP/kernel.o
 .debug_info    0x00000000000042c1     0x1337 KTMP/tcv.o
 .debug_info    0x00000000000055f8      0x178 KTMP/startup_gcc.o
 .debug_info    0x0000000000005770      0x53b KTMP/ccfg.o
 .debug_info    0x0000000000005cab      0x504 KTMP/pin_sensor.o
 .debug_info    0x00000000000061af      0x4fa KTMP/buttons.o
 .debug_info    0x00000000000066a9      0xaab KTMP/storage_mx25r8035.o
 .debug_info    0x0000000000007154      0x422 KTMP/ser_out.o
 .debug_info    0x0000000000007576      0x416 KTMP/ser_in.o
 .debug_info    0x000000000000798c      0x450 KTMP/ser_outf.o
 .debug_info    0x0000000000007ddc      0x450 KTMP/ser_inf.o
 .debug_info    0x000000000000822c     0x2478 KTMP/rfprop.o
 .debug_info    0x000000000000a6a4      0x735 KTMP/plug_null.o
 .debug_info    0x000000000000add9      0x431 KTMP/__outserial.o
 .debug_info    0x000000000000b20a      0x444 KTMP/__inserial.o
 .debug_info    0x000000000000b64e      0x5f4 KTMP/vform.o
 .debug_info    0x000000000000bc42      0x593 KTMP/vscan.o
 .debug_info    0x000000000000c1d5     0x1fee KTMP/smartrf_settings_lp_hr.o
 .debug_info    0x000000000000e1c3      0x18e /home/stephen/Desktop/OLSONET/PICOS/PicOS/CC13XX/CC13XXWARE/driverlib/bin/gcc/driverlib.lib(adi.o)
 .debug_info    0x000000000000e351       0xd9 /home/stephen/Desktop/OLSONET/PICOS/PicOS/CC13XX/CC13XXWARE/driverlib/bin/gcc/driverlib.lib(aon_batmon.o)
 .debug_info    0x000000000000e42a      0x147 /home/stephen/Desktop/OLSONET/PICOS/PicOS/CC13XX/CC13XXWARE/driverlib/bin/gcc/driverlib.lib(aon_rtc.o)
 .debug_info    0x000000000000e571      0x13a /home/stephen/Desktop/OLSONET/PICOS/PicOS/CC13XX/CC13XXWARE/driverlib/bin/gcc/driverlib.lib(cpu.o)
 .debug_info    0x000000000000e6ab      0x8c3 /home/stephen/Desktop/OLSONET/PICOS/PicOS/CC13XX/CC13XXWARE/driverlib/bin/gcc/driverlib.lib(osc.o)
 .debug_info    0x000000000000ef6e      0xab8 /home/stephen/Desktop/OLSONET/PICOS/PicOS/CC13XX/CC13XXWARE/driverlib/bin/gcc/driverlib.lib(rfc.o)
 .debug_info    0x000000000000fa26      0x20b /home/stephen/Desktop/OLSONET/PICOS/PicOS/CC13XX/CC13XXWARE/driverlib/bin/gcc/driverlib.lib(setup.o)
 .debug_info    0x000000000000fc31      0xb1b /home/stephen/Desktop/OLSONET/PICOS/PicOS/CC13XX/CC13XXWARE/driverlib/bin/gcc/driverlib.lib(setup_rom.o)
 .debug_info    0x000000000001074c      0x927 /home/stephen/Desktop/OLSONET/PICOS/PicOS/CC13XX/CC13XXWARE/driverlib/bin/gcc/driverlib.lib(sys_ctrl.o)
 .debug_info    0x0000000000011073      0x3d0 /home/stephen/Desktop/OLSONET/PICOS/PicOS/CC13XX/CC13XXWARE/driverlib/bin/gcc/driverlib.lib(chipinfo.o)
 .debug_info    0x0000000000011443      0x5ab /home/stephen/Desktop/OLSONET/PICOS/PicOS/CC13XX/CC13XXWARE/driverlib/bin/gcc/driverlib.lib(ddi.o)
 .debug_info    0x00000000000119ee      0xf35 /usr/lib/gcc/arm-none-eabi/9.2.1/../../../arm-none-eabi/lib/thumb/nofp/libg.a(lib_a-memcpy-stub.o)
 .debug_info    0x0000000000012923      0x97a /usr/lib/gcc/arm-none-eabi/9.2.1/../../../arm-none-eabi/lib/thumb/nofp/libg.a(lib_a-rand.o)
 .debug_info    0x000000000001329d      0x92a /usr/lib/gcc/arm-none-eabi/9.2.1/../../../arm-none-eabi/lib/thumb/nofp/libg.a(lib_a-impure.o)
 .debug_info    0x0000000000013bc7      0xa96 /usr/lib/gcc/arm-none-eabi/9.2.1/thumb/nofp/libgcc.a(_muldi3.o)

.debug_abbrev   0x0000000000000000     0x491c
 .debug_abbrev  0x0000000000000000      0x486 KTMP/app.o
 .debug_abbrev  0x0000000000000486      0x56c KTMP/main.o
 .debug_abbrev  0x00000000000009f2      0x46f KTMP/kernel.o
 .debug_abbrev  0x0000000000000e61      0x3dc KTMP/tcv.o
 .debug_abbrev  0x000000000000123d       0xc5 KTMP/startup_gcc.o
 .debug_abbrev  0x0000000000001302      0x11f KTMP/ccfg.o
 .debug_abbrev  0x0000000000001421      0x1f1 KTMP/pin_sensor.o
 .debug_abbrev  0x0000000000001612      0x1cb KTMP/buttons.o
 .debug_abbrev  0x00000000000017dd      0x3a6 KTMP/storage_mx25r8035.o
 .debug_abbrev  0x0000000000001b83      0x162 KTMP/ser_out.o
 .debug_abbrev  0x0000000000001ce5      0x14f KTMP/ser_in.o
 .debug_abbrev  0x0000000000001e34      0x1ac KTMP/ser_outf.o
 .debug_abbrev  0x0000000000001fe0      0x19b KTMP/ser_inf.o
 .debug_abbrev  0x000000000000217b      0x44f KTMP/rfprop.o
 .debug_abbrev  0x00000000000025ca      0x232 KTMP/plug_null.o
 .debug_abbrev  0x00000000000027fc      0x174 KTMP/__outserial.o
 .debug_abbrev  0x0000000000002970      0x178 KTMP/__inserial.o
 .debug_abbrev  0x0000000000002ae8      0x212 KTMP/vform.o
 .debug_abbrev  0x0000000000002cfa      0x1bc KTMP/vscan.o
 .debug_abbrev  0x0000000000002eb6      0x225 KTMP/smartrf_settings_lp_hr.o
 .debug_abbrev  0x00000000000030db       0xec /home/stephen/Desktop/OLSONET/PICOS/PicOS/CC13XX/CC13XXWARE/driverlib/bin/gcc/driverlib.lib(adi.o)
 .debug_abbrev  0x00000000000031c7       0x6f /home/stephen/Desktop/OLSONET/PICOS/PicOS/CC13XX/CC13XXWARE/driverlib/bin/gcc/driverlib.lib(aon_batmon.o)
 .debug_abbrev  0x0000000000003236       0xaa /home/stephen/Desktop/OLSONET/PICOS/PicOS/CC13XX/CC13XXWARE/driverlib/bin/gcc/driverlib.lib(aon_rtc.o)
 .debug_abbrev  0x00000000000032e0       0xb0 /home/stephen/Desktop/OLSONET/PICOS/PicOS/CC13XX/CC13XXWARE/driverlib/bin/gcc/driverlib.lib(cpu.o)
 .debug_abbrev  0x0000000000003390      0x25d /home/stephen/Desktop/OLSONET/PICOS/PicOS/CC13XX/CC13XXWARE/driverlib/bin/gcc/driverlib.lib(osc.o)
 .debug_abbrev  0x00000000000035ed      0x220 /home/stephen/Desktop/OLSONET/PICOS/PicOS/CC13XX/CC13XXWARE/driverlib/bin/gcc/driverlib.lib(rfc.o)
 .debug_abbrev  0x000000000000380d      0x142 /home/stephen/Desktop/OLSONET/PICOS/PicOS/CC13XX/CC13XXWARE/driverlib/bin/gcc/driverlib.lib(setup.o)
 .debug_abbrev  0x000000000000394f      0x261 /home/stephen/Desktop/OLSONET/PICOS/PicOS/CC13XX/CC13XXWARE/driverlib/bin/gcc/driverlib.lib(setup_rom.o)
 .debug_abbrev  0x0000000000003bb0      0x2ba /home/stephen/Desktop/OLSONET/PICOS/PicOS/CC13XX/CC13XXWARE/driverlib/bin/gcc/driverlib.lib(sys_ctrl.o)
 .debug_abbrev  0x0000000000003e6a      0x1ce /home/stephen/Desktop/OLSONET/PICOS/PicOS/CC13XX/CC13XXWARE/driverlib/bin/gcc/driverlib.lib(chipinfo.o)
 .debug_abbrev  0x0000000000004038      0x154 /home/stephen/Desktop/OLSONET/PICOS/PicOS/CC13XX/CC13XXWARE/driverlib/bin/gcc/driverlib.lib(ddi.o)
 .debug_abbrev  0x000000000000418c      0x223 /usr/lib/gcc/arm-none-eabi/9.2.1/../../../arm-none-eabi/lib/thumb/nofp/libg.a(lib_a-memcpy-stub.o)
 .debug_abbrev  0x00000000000043af      0x212 /usr/lib/gcc/arm-none-eabi/9.2.1/../../../arm-none-eabi/lib/thumb/nofp/libg.a(lib_a-rand.o)
 .debug_abbrev  0x00000000000045c1      0x1b8 /usr/lib/gcc/arm-none-eabi/9.2.1/../../../arm-none-eabi/lib/thumb/nofp/libg.a(lib_a-impure.o)
 .debug_abbrev  0x0000000000004779      0x1a3 /usr/lib/gcc/arm-none-eabi/9.2.1/thumb/nofp/libgcc.a(_muldi3.o)

.debug_loc      0x0000000000000000     0x5c88
 .debug_loc     0x0000000000000000      0x3f9 KTMP/app.o
 .debug_loc     0x00000000000003f9      0x455 KTMP/main.o
 .debug_loc     0x000000000000084e      0xb51 KTMP/kernel.o
 .debug_loc     0x000000000000139f      0xeae KTMP/tcv.o
 .debug_loc     0x000000000000224d       0x3c KTMP/startup_gcc.o
 .debug_loc     0x0000000000002289       0x80 KTMP/pin_sensor.o
 .debug_loc     0x0000000000002309       0x70 KTMP/buttons.o
 .debug_loc     0x0000000000002379      0x234 KTMP/storage_mx25r8035.o
 .debug_loc     0x00000000000025ad       0xba KTMP/ser_out.o
 .debug_loc     0x0000000000002667      0x112 KTMP/ser_in.o
 .debug_loc     0x0000000000002779       0x86 KTMP/ser_outf.o
 .debug_loc     0x00000000000027ff       0x68 KTMP/ser_inf.o
 .debug_loc     0x0000000000002867      0x4a7 KTMP/rfprop.o
 .debug_loc     0x0000000000002d0e      0x108 KTMP/plug_null.o
 .debug_loc     0x0000000000002e16       0x66 KTMP/__outserial.o
 .debug_loc     0x0000000000002e7c       0x92 KTMP/__inserial.o
 .debug_loc     0x0000000000002f0e      0x3ac KTMP/vform.o
 .debug_loc     0x00000000000032ba      0x3ee KTMP/vscan.o
 .debug_loc     0x00000000000036a8      0x115 /home/stephen/Desktop/OLSONET/PICOS/PicOS/CC13XX/CC13XXWARE/driverlib/bin/gcc/driverlib.lib(adi.o)
 .debug_loc     0x00000000000037bd       0x4e /home/stephen/Desktop/OLSONET/PICOS/PicOS/CC13XX/CC13XXWARE/driverlib/bin/gcc/driverlib.lib(aon_batmon.o)
 .debug_loc     0x000000000000380b       0x26 /home/stephen/Desktop/OLSONET/PICOS/PicOS/CC13XX/CC13XXWARE/driverlib/bin/gcc/driverlib.lib(aon_rtc.o)
 .debug_loc     0x0000000000003831      0x3b9 /home/stephen/Desktop/OLSONET/PICOS/PicOS/CC13XX/CC13XXWARE/driverlib/bin/gcc/driverlib.lib(osc.o)
 .debug_loc     0x0000000000003bea      0x29c /home/stephen/Desktop/OLSONET/PICOS/PicOS/CC13XX/CC13XXWARE/driverlib/bin/gcc/driverlib.lib(rfc.o)
 .debug_loc     0x0000000000003e86       0xbc /home/stephen/Desktop/OLSONET/PICOS/PicOS/CC13XX/CC13XXWARE/driverlib/bin/gcc/driverlib.lib(setup.o)
 .debug_loc     0x0000000000003f42      0x9e8 /home/stephen/Desktop/OLSONET/PICOS/PicOS/CC13XX/CC13XXWARE/driverlib/bin/gcc/driverlib.lib(setup_rom.o)
 .debug_loc     0x000000000000492a      0x44d /home/stephen/Desktop/OLSONET/PICOS/PicOS/CC13XX/CC13XXWARE/driverlib/bin/gcc/driverlib.lib(sys_ctrl.o)
 .debug_loc     0x0000000000004d77      0x11f /home/stephen/Desktop/OLSONET/PICOS/PicOS/CC13XX/CC13XXWARE/driverlib/bin/gcc/driverlib.lib(chipinfo.o)
 .debug_loc     0x0000000000004e96      0x79c /home/stephen/Desktop/OLSONET/PICOS/PicOS/CC13XX/CC13XXWARE/driverlib/bin/gcc/driverlib.lib(ddi.o)
 .debug_loc     0x0000000000005632      0x481 /usr/lib/gcc/arm-none-eabi/9.2.1/../../../arm-none-eabi/lib/thumb/nofp/libg.a(lib_a-memcpy-stub.o)
 .debug_loc     0x0000000000005ab3       0x56 /usr/lib/gcc/arm-none-eabi/9.2.1/../../../arm-none-eabi/lib/thumb/nofp/libg.a(lib_a-rand.o)
 .debug_loc     0x0000000000005b09      0x17f /usr/lib/gcc/arm-none-eabi/9.2.1/thumb/nofp/libgcc.a(_muldi3.o)

.debug_aranges  0x0000000000000000      0xa80
 .debug_aranges
                0x0000000000000000       0x90 KTMP/app.o
 .debug_aranges
                0x0000000000000090       0xe8 KTMP/main.o
 .debug_aranges
                0x0000000000000178      0x158 KTMP/kernel.o
 .debug_aranges
                0x00000000000002d0      0x108 KTMP/tcv.o
 .debug_aranges
                0x00000000000003d8       0x38 KTMP/startup_gcc.o
 .debug_aranges
                0x0000000000000410       0x18 KTMP/ccfg.o
 .debug_aranges
                0x0000000000000428       0x28 KTMP/pin_sensor.o
 .debug_aranges
                0x0000000000000450       0x28 KTMP/buttons.o
 .debug_aranges
                0x0000000000000478       0x90 KTMP/storage_mx25r8035.o
 .debug_aranges
                0x0000000000000508       0x20 KTMP/ser_out.o
 .debug_aranges
                0x0000000000000528       0x20 KTMP/ser_in.o
 .debug_aranges
                0x0000000000000548       0x20 KTMP/ser_outf.o
 .debug_aranges
                0x0000000000000568       0x20 KTMP/ser_inf.o
 .debug_aranges
                0x0000000000000588       0x70 KTMP/rfprop.o
 .debug_aranges
                0x00000000000005f8       0x48 KTMP/plug_null.o
 .debug_aranges
                0x0000000000000640       0x20 KTMP/__outserial.o
 .debug_aranges
                0x0000000000000660       0x20 KTMP/__inserial.o
 .debug_aranges
                0x0000000000000680       0x30 KTMP/vform.o
 .debug_aranges
                0x00000000000006b0       0x20 KTMP/vscan.o
 .debug_aranges
                0x00000000000006d0       0x18 KTMP/smartrf_settings_lp_hr.o
 .debug_aranges
                0x00000000000006e8       0x28 /home/stephen/Desktop/OLSONET/PICOS/PicOS/CC13XX/CC13XXWARE/driverlib/bin/gcc/driverlib.lib(adi.o)
 .debug_aranges
                0x0000000000000710       0x20 /home/stephen/Desktop/OLSONET/PICOS/PicOS/CC13XX/CC13XXWARE/driverlib/bin/gcc/driverlib.lib(aon_batmon.o)
 .debug_aranges
                0x0000000000000730       0x28 /home/stephen/Desktop/OLSONET/PICOS/PicOS/CC13XX/CC13XXWARE/driverlib/bin/gcc/driverlib.lib(aon_rtc.o)
 .debug_aranges
                0x0000000000000758       0x40 /home/stephen/Desktop/OLSONET/PICOS/PicOS/CC13XX/CC13XXWARE/driverlib/bin/gcc/driverlib.lib(cpu.o)
 .debug_aranges
                0x0000000000000798       0x68 /home/stephen/Desktop/OLSONET/PICOS/PicOS/CC13XX/CC13XXWARE/driverlib/bin/gcc/driverlib.lib(osc.o)
 .debug_aranges
                0x0000000000000800       0x58 /home/stephen/Desktop/OLSONET/PICOS/PicOS/CC13XX/CC13XXWARE/driverlib/bin/gcc/driverlib.lib(rfc.o)
 .debug_aranges
                0x0000000000000858       0x28 /home/stephen/Desktop/OLSONET/PICOS/PicOS/CC13XX/CC13XXWARE/driverlib/bin/gcc/driverlib.lib(setup.o)
 .debug_aranges
                0x0000000000000880       0xb8 /home/stephen/Desktop/OLSONET/PICOS/PicOS/CC13XX/CC13XXWARE/driverlib/bin/gcc/driverlib.lib(setup_rom.o)
 .debug_aranges
                0x0000000000000938       0x40 /home/stephen/Desktop/OLSONET/PICOS/PicOS/CC13XX/CC13XXWARE/driverlib/bin/gcc/driverlib.lib(sys_ctrl.o)
 .debug_aranges
                0x0000000000000978       0x48 /home/stephen/Desktop/OLSONET/PICOS/PicOS/CC13XX/CC13XXWARE/driverlib/bin/gcc/driverlib.lib(chipinfo.o)
 .debug_aranges
                0x00000000000009c0       0x48 /home/stephen/Desktop/OLSONET/PICOS/PicOS/CC13XX/CC13XXWARE/driverlib/bin/gcc/driverlib.lib(ddi.o)
 .debug_aranges
                0x0000000000000a08       0x20 /usr/lib/gcc/arm-none-eabi/9.2.1/../../../arm-none-eabi/lib/thumb/nofp/libg.a(lib_a-memcpy-stub.o)
 .debug_aranges
                0x0000000000000a28       0x20 /usr/lib/gcc/arm-none-eabi/9.2.1/../../../arm-none-eabi/lib/thumb/nofp/libg.a(lib_a-rand.o)
 .debug_aranges
                0x0000000000000a48       0x18 /usr/lib/gcc/arm-none-eabi/9.2.1/../../../arm-none-eabi/lib/thumb/nofp/libg.a(lib_a-impure.o)
 .debug_aranges
                0x0000000000000a60       0x20 /usr/lib/gcc/arm-none-eabi/9.2.1/thumb/nofp/libgcc.a(_muldi3.o)

.debug_ranges   0x0000000000000000     0x1438
 .debug_ranges  0x0000000000000000      0x1d0 KTMP/app.o
 .debug_ranges  0x00000000000001d0      0x540 KTMP/main.o
 .debug_ranges  0x0000000000000710      0x1e8 KTMP/kernel.o
 .debug_ranges  0x00000000000008f8      0x130 KTMP/tcv.o
 .debug_ranges  0x0000000000000a28       0x28 KTMP/startup_gcc.o
 .debug_ranges  0x0000000000000a50       0x40 KTMP/pin_sensor.o
 .debug_ranges  0x0000000000000a90       0x78 KTMP/buttons.o
 .debug_ranges  0x0000000000000b08      0x208 KTMP/storage_mx25r8035.o
 .debug_ranges  0x0000000000000d10       0x10 KTMP/ser_out.o
 .debug_ranges  0x0000000000000d20       0x10 KTMP/ser_in.o
 .debug_ranges  0x0000000000000d30       0x10 KTMP/ser_outf.o
 .debug_ranges  0x0000000000000d40       0x10 KTMP/ser_inf.o
 .debug_ranges  0x0000000000000d50      0x1d8 KTMP/rfprop.o
 .debug_ranges  0x0000000000000f28       0x38 KTMP/plug_null.o
 .debug_ranges  0x0000000000000f60       0x28 KTMP/__outserial.o
 .debug_ranges  0x0000000000000f88       0x30 KTMP/__inserial.o
 .debug_ranges  0x0000000000000fb8       0x98 KTMP/vform.o
 .debug_ranges  0x0000000000001050       0x98 KTMP/vscan.o
 .debug_ranges  0x00000000000010e8       0x18 /home/stephen/Desktop/OLSONET/PICOS/PicOS/CC13XX/CC13XXWARE/driverlib/bin/gcc/driverlib.lib(adi.o)
 .debug_ranges  0x0000000000001100       0x10 /home/stephen/Desktop/OLSONET/PICOS/PicOS/CC13XX/CC13XXWARE/driverlib/bin/gcc/driverlib.lib(aon_batmon.o)
 .debug_ranges  0x0000000000001110       0x18 /home/stephen/Desktop/OLSONET/PICOS/PicOS/CC13XX/CC13XXWARE/driverlib/bin/gcc/driverlib.lib(aon_rtc.o)
 .debug_ranges  0x0000000000001128       0x30 /home/stephen/Desktop/OLSONET/PICOS/PicOS/CC13XX/CC13XXWARE/driverlib/bin/gcc/driverlib.lib(cpu.o)
 .debug_ranges  0x0000000000001158       0x70 /home/stephen/Desktop/OLSONET/PICOS/PicOS/CC13XX/CC13XXWARE/driverlib/bin/gcc/driverlib.lib(osc.o)
 .debug_ranges  0x00000000000011c8       0x48 /home/stephen/Desktop/OLSONET/PICOS/PicOS/CC13XX/CC13XXWARE/driverlib/bin/gcc/driverlib.lib(rfc.o)
 .debug_ranges  0x0000000000001210       0x18 /home/stephen/Desktop/OLSONET/PICOS/PicOS/CC13XX/CC13XXWARE/driverlib/bin/gcc/driverlib.lib(setup.o)
 .debug_ranges  0x0000000000001228       0xd8 /home/stephen/Desktop/OLSONET/PICOS/PicOS/CC13XX/CC13XXWARE/driverlib/bin/gcc/driverlib.lib(setup_rom.o)
 .debug_ranges  0x0000000000001300       0x60 /home/stephen/Desktop/OLSONET/PICOS/PicOS/CC13XX/CC13XXWARE/driverlib/bin/gcc/driverlib.lib(sys_ctrl.o)
 .debug_ranges  0x0000000000001360       0x68 /home/stephen/Desktop/OLSONET/PICOS/PicOS/CC13XX/CC13XXWARE/driverlib/bin/gcc/driverlib.lib(chipinfo.o)
 .debug_ranges  0x00000000000013c8       0x38 /home/stephen/Desktop/OLSONET/PICOS/PicOS/CC13XX/CC13XXWARE/driverlib/bin/gcc/driverlib.lib(ddi.o)
 .debug_ranges  0x0000000000001400       0x38 /usr/lib/gcc/arm-none-eabi/9.2.1/thumb/nofp/libgcc.a(_muldi3.o)

.debug_line     0x0000000000000000     0x94bc
 .debug_line    0x0000000000000000      0xd6a KTMP/app.o
 .debug_line    0x0000000000000d6a     0x1566 KTMP/main.o
 .debug_line    0x00000000000022d0      0xee8 KTMP/kernel.o
 .debug_line    0x00000000000031b8      0xcbf KTMP/tcv.o
 .debug_line    0x0000000000003e77      0x128 KTMP/startup_gcc.o
 .debug_line    0x0000000000003f9f      0x18d KTMP/ccfg.o
 .debug_line    0x000000000000412c      0x2a2 KTMP/pin_sensor.o
 .debug_line    0x00000000000043ce      0x345 KTMP/buttons.o
 .debug_line    0x0000000000004713      0x93a KTMP/storage_mx25r8035.o
 .debug_line    0x000000000000504d      0x1b4 KTMP/ser_out.o
 .debug_line    0x0000000000005201      0x1c8 KTMP/ser_in.o
 .debug_line    0x00000000000053c9      0x1a5 KTMP/ser_outf.o
 .debug_line    0x000000000000556e      0x1b6 KTMP/ser_inf.o
 .debug_line    0x0000000000005724      0xcb2 KTMP/rfprop.o
 .debug_line    0x00000000000063d6      0x2af KTMP/plug_null.o
 .debug_line    0x0000000000006685      0x1a8 KTMP/__outserial.o
 .debug_line    0x000000000000682d      0x252 KTMP/__inserial.o
 .debug_line    0x0000000000006a7f      0x3c4 KTMP/vform.o
 .debug_line    0x0000000000006e43      0x2cd KTMP/vscan.o
 .debug_line    0x0000000000007110      0x292 KTMP/smartrf_settings_lp_hr.o
 .debug_line    0x00000000000073a2      0x1a0 /home/stephen/Desktop/OLSONET/PICOS/PicOS/CC13XX/CC13XXWARE/driverlib/bin/gcc/driverlib.lib(adi.o)
 .debug_line    0x0000000000007542      0x16b /home/stephen/Desktop/OLSONET/PICOS/PicOS/CC13XX/CC13XXWARE/driverlib/bin/gcc/driverlib.lib(aon_batmon.o)
 .debug_line    0x00000000000076ad      0x1ad /home/stephen/Desktop/OLSONET/PICOS/PicOS/CC13XX/CC13XXWARE/driverlib/bin/gcc/driverlib.lib(aon_rtc.o)
 .debug_line    0x000000000000785a      0x1a0 /home/stephen/Desktop/OLSONET/PICOS/PicOS/CC13XX/CC13XXWARE/driverlib/bin/gcc/driverlib.lib(cpu.o)
 .debug_line    0x00000000000079fa      0x2da /home/stephen/Desktop/OLSONET/PICOS/PicOS/CC13XX/CC13XXWARE/driverlib/bin/gcc/driverlib.lib(osc.o)
 .debug_line    0x0000000000007cd4      0x3ab /home/stephen/Desktop/OLSONET/PICOS/PicOS/CC13XX/CC13XXWARE/driverlib/bin/gcc/driverlib.lib(rfc.o)
 .debug_line    0x000000000000807f      0x1ed /home/stephen/Desktop/OLSONET/PICOS/PicOS/CC13XX/CC13XXWARE/driverlib/bin/gcc/driverlib.lib(setup.o)
 .debug_line    0x000000000000826c      0x45b /home/stephen/Desktop/OLSONET/PICOS/PicOS/CC13XX/CC13XXWARE/driverlib/bin/gcc/driverlib.lib(setup_rom.o)
 .debug_line    0x00000000000086c7      0x369 /home/stephen/Desktop/OLSONET/PICOS/PicOS/CC13XX/CC13XXWARE/driverlib/bin/gcc/driverlib.lib(sys_ctrl.o)
 .debug_line    0x0000000000008a30      0x22f /home/stephen/Desktop/OLSONET/PICOS/PicOS/CC13XX/CC13XXWARE/driverlib/bin/gcc/driverlib.lib(chipinfo.o)
 .debug_line    0x0000000000008c5f      0x222 /home/stephen/Desktop/OLSONET/PICOS/PicOS/CC13XX/CC13XXWARE/driverlib/bin/gcc/driverlib.lib(ddi.o)
 .debug_line    0x0000000000008e81      0x247 /usr/lib/gcc/arm-none-eabi/9.2.1/../../../arm-none-eabi/lib/thumb/nofp/libg.a(lib_a-memcpy-stub.o)
 .debug_line    0x00000000000090c8      0x175 /usr/lib/gcc/arm-none-eabi/9.2.1/../../../arm-none-eabi/lib/thumb/nofp/libg.a(lib_a-rand.o)
 .debug_line    0x000000000000923d       0xe0 /usr/lib/gcc/arm-none-eabi/9.2.1/../../../arm-none-eabi/lib/thumb/nofp/libg.a(lib_a-impure.o)
 .debug_line    0x000000000000931d      0x19f /usr/lib/gcc/arm-none-eabi/9.2.1/thumb/nofp/libgcc.a(_muldi3.o)

.debug_str      0x0000000000000000     0x58a8
 .debug_str     0x0000000000000000      0xf2c KTMP/app.o
                                       0x10bd (size before relaxing)
 .debug_str     0x0000000000000f2c      0x559 KTMP/main.o
                                        0x8ea (size before relaxing)
 .debug_str     0x0000000000001485      0x240 KTMP/kernel.o
                                        0x643 (size before relaxing)
 .debug_str     0x00000000000016c5      0x263 KTMP/tcv.o
                                        0x680 (size before relaxing)
 .debug_str     0x0000000000001928       0xb8 KTMP/startup_gcc.o
                                        0x27e (size before relaxing)
 .debug_str     0x00000000000019e0      0x1d7 KTMP/ccfg.o
                                        0x53d (size before relaxing)
 .debug_str     0x0000000000001bb7       0x77 KTMP/pin_sensor.o
                                        0x40a (size before relaxing)
 .debug_str     0x0000000000001c2e       0x77 KTMP/buttons.o
                                        0x401 (size before relaxing)
 .debug_str     0x0000000000001ca5      0x10d KTMP/storage_mx25r8035.o
                                        0x4e5 (size before relaxing)
 .debug_str     0x0000000000001db2       0x49 KTMP/ser_out.o
                                        0x399 (size before relaxing)
 .debug_str     0x0000000000001dfb       0x51 KTMP/ser_in.o
                                        0x399 (size before relaxing)
 .debug_str     0x0000000000001e4c       0x4b KTMP/ser_outf.o
                                        0x3b9 (size before relaxing)
 .debug_str     0x0000000000001e97       0x49 KTMP/ser_inf.o
                                        0x3c1 (size before relaxing)
 .debug_str     0x0000000000001ee0      0x877 KTMP/rfprop.o
                                       0x1032 (size before relaxing)
 .debug_str     0x0000000000002757       0x70 KTMP/plug_null.o
                                        0x44e (size before relaxing)
 .debug_str     0x00000000000027c7       0x62 KTMP/__outserial.o
                                        0x3ad (size before relaxing)
 .debug_str     0x0000000000002829       0x4f KTMP/__inserial.o
                                        0x3b2 (size before relaxing)
 .debug_str     0x0000000000002878       0x5d KTMP/vform.o
                                        0x3ce (size before relaxing)
 .debug_str     0x00000000000028d5       0x60 KTMP/vscan.o
                                        0x3d1 (size before relaxing)
 .debug_str     0x0000000000002935       0x5f KTMP/smartrf_settings_lp_hr.o
                                        0xbc2 (size before relaxing)
 .debug_str     0x0000000000002994      0x1be /home/stephen/Desktop/OLSONET/PICOS/PicOS/CC13XX/CC13XXWARE/driverlib/bin/gcc/driverlib.lib(adi.o)
                                        0x259 (size before relaxing)
 .debug_str     0x0000000000002b52       0x7e /home/stephen/Desktop/OLSONET/PICOS/PicOS/CC13XX/CC13XXWARE/driverlib/bin/gcc/driverlib.lib(aon_batmon.o)
                                        0x221 (size before relaxing)
 .debug_str     0x0000000000002bd0       0xce /home/stephen/Desktop/OLSONET/PICOS/PicOS/CC13XX/CC13XXWARE/driverlib/bin/gcc/driverlib.lib(aon_rtc.o)
                                        0x27f (size before relaxing)
 .debug_str     0x0000000000002c9e       0x61 /home/stephen/Desktop/OLSONET/PICOS/PicOS/CC13XX/CC13XXWARE/driverlib/bin/gcc/driverlib.lib(cpu.o)
                                        0x227 (size before relaxing)
 .debug_str     0x0000000000002cff      0x5d2 /home/stephen/Desktop/OLSONET/PICOS/PicOS/CC13XX/CC13XXWARE/driverlib/bin/gcc/driverlib.lib(osc.o)
                                        0x822 (size before relaxing)
 .debug_str     0x00000000000032d1      0x1c9 /home/stephen/Desktop/OLSONET/PICOS/PicOS/CC13XX/CC13XXWARE/driverlib/bin/gcc/driverlib.lib(rfc.o)
                                        0x603 (size before relaxing)
 .debug_str     0x000000000000349a      0x203 /home/stephen/Desktop/OLSONET/PICOS/PicOS/CC13XX/CC13XXWARE/driverlib/bin/gcc/driverlib.lib(setup.o)
                                        0x3ab (size before relaxing)
 .debug_str     0x000000000000369d      0x4b8 /home/stephen/Desktop/OLSONET/PICOS/PicOS/CC13XX/CC13XXWARE/driverlib/bin/gcc/driverlib.lib(setup_rom.o)
                                        0x792 (size before relaxing)
 .debug_str     0x0000000000003b55      0x26f /home/stephen/Desktop/OLSONET/PICOS/PicOS/CC13XX/CC13XXWARE/driverlib/bin/gcc/driverlib.lib(sys_ctrl.o)
                                        0x7e2 (size before relaxing)
 .debug_str     0x0000000000003dc4      0x3c3 /home/stephen/Desktop/OLSONET/PICOS/PicOS/CC13XX/CC13XXWARE/driverlib/bin/gcc/driverlib.lib(chipinfo.o)
                                        0x5ae (size before relaxing)
 .debug_str     0x0000000000004187       0xf2 /home/stephen/Desktop/OLSONET/PICOS/PicOS/CC13XX/CC13XXWARE/driverlib/bin/gcc/driverlib.lib(ddi.o)
                                        0x316 (size before relaxing)
 .debug_str     0x0000000000004279      0x3da /usr/lib/gcc/arm-none-eabi/9.2.1/../../../arm-none-eabi/lib/thumb/nofp/libg.a(lib_a-memcpy-stub.o)
                                        0x8f0 (size before relaxing)
 .debug_str     0x0000000000004653       0x89 /usr/lib/gcc/arm-none-eabi/9.2.1/../../../arm-none-eabi/lib/thumb/nofp/libg.a(lib_a-rand.o)
                                        0x5b2 (size before relaxing)
 .debug_str     0x00000000000046dc       0x8f /usr/lib/gcc/arm-none-eabi/9.2.1/../../../arm-none-eabi/lib/thumb/nofp/libg.a(lib_a-impure.o)
                                        0x59e (size before relaxing)
 .debug_str     0x000000000000476b     0x113d /usr/lib/gcc/arm-none-eabi/9.2.1/thumb/nofp/libgcc.a(_muldi3.o)
                                       0x11d0 (size before relaxing)

.comment        0x0000000000000000      0x117
 .comment       0x0000000000000000       0x59 KTMP/app.o
                                         0x5a (size before relaxing)
 .comment       0x0000000000000059       0x5a KTMP/main.o
 .comment       0x0000000000000059       0x5a KTMP/kernel.o
 .comment       0x0000000000000059       0x5a KTMP/tcv.o
 .comment       0x0000000000000059       0x5a KTMP/startup_gcc.o
 .comment       0x0000000000000059       0x5a KTMP/ccfg.o
 .comment       0x0000000000000059       0x5a KTMP/pin_sensor.o
 .comment       0x0000000000000059       0x5a KTMP/buttons.o
 .comment       0x0000000000000059       0x5a KTMP/storage_mx25r8035.o
 .comment       0x0000000000000059       0x5a KTMP/ser_out.o
 .comment       0x0000000000000059       0x5a KTMP/ser_in.o
 .comment       0x0000000000000059       0x5a KTMP/ser_outf.o
 .comment       0x0000000000000059       0x5a KTMP/ser_inf.o
 .comment       0x0000000000000059       0x5a KTMP/rfprop.o
 .comment       0x0000000000000059       0x5a KTMP/plug_null.o
 .comment       0x0000000000000059       0x5a KTMP/__outserial.o
 .comment       0x0000000000000059       0x5a KTMP/__inserial.o
 .comment       0x0000000000000059       0x5a KTMP/vform.o
 .comment       0x0000000000000059       0x5a KTMP/vscan.o
 .comment       0x0000000000000059       0x5a KTMP/smartrf_settings_lp_hr.o
 .comment       0x0000000000000059       0x70 /home/stephen/Desktop/OLSONET/PICOS/PicOS/CC13XX/CC13XXWARE/driverlib/bin/gcc/driverlib.lib(adi.o)
                                         0x71 (size before relaxing)
 .comment       0x00000000000000c9       0x71 /home/stephen/Desktop/OLSONET/PICOS/PicOS/CC13XX/CC13XXWARE/driverlib/bin/gcc/driverlib.lib(aon_batmon.o)
 .comment       0x00000000000000c9       0x71 /home/stephen/Desktop/OLSONET/PICOS/PicOS/CC13XX/CC13XXWARE/driverlib/bin/gcc/driverlib.lib(aon_rtc.o)
 .comment       0x00000000000000c9       0x71 /home/stephen/Desktop/OLSONET/PICOS/PicOS/CC13XX/CC13XXWARE/driverlib/bin/gcc/driverlib.lib(cpu.o)
 .comment       0x00000000000000c9       0x71 /home/stephen/Desktop/OLSONET/PICOS/PicOS/CC13XX/CC13XXWARE/driverlib/bin/gcc/driverlib.lib(osc.o)
 .comment       0x00000000000000c9       0x71 /home/stephen/Desktop/OLSONET/PICOS/PicOS/CC13XX/CC13XXWARE/driverlib/bin/gcc/driverlib.lib(rfc.o)
 .comment       0x00000000000000c9       0x71 /home/stephen/Desktop/OLSONET/PICOS/PicOS/CC13XX/CC13XXWARE/driverlib/bin/gcc/driverlib.lib(setup.o)
 .comment       0x00000000000000c9       0x71 /home/stephen/Desktop/OLSONET/PICOS/PicOS/CC13XX/CC13XXWARE/driverlib/bin/gcc/driverlib.lib(setup_rom.o)
 .comment       0x00000000000000c9       0x71 /home/stephen/Desktop/OLSONET/PICOS/PicOS/CC13XX/CC13XXWARE/driverlib/bin/gcc/driverlib.lib(sys_ctrl.o)
 .comment       0x00000000000000c9       0x71 /home/stephen/Desktop/OLSONET/PICOS/PicOS/CC13XX/CC13XXWARE/driverlib/bin/gcc/driverlib.lib(chipinfo.o)
 .comment       0x00000000000000c9       0x71 /home/stephen/Desktop/OLSONET/PICOS/PicOS/CC13XX/CC13XXWARE/driverlib/bin/gcc/driverlib.lib(ddi.o)
 .comment       0x00000000000000c9       0x4e /usr/lib/gcc/arm-none-eabi/9.2.1/../../../arm-none-eabi/lib/thumb/nofp/libg.a(lib_a-memcpy-stub.o)
                                         0x4f (size before relaxing)
 .comment       0x0000000000000117       0x4f /usr/lib/gcc/arm-none-eabi/9.2.1/../../../arm-none-eabi/lib/thumb/nofp/libg.a(lib_a-rand.o)
 .comment       0x0000000000000117       0x4f /usr/lib/gcc/arm-none-eabi/9.2.1/../../../arm-none-eabi/lib/thumb/nofp/libg.a(lib_a-impure.o)
 .comment       0x0000000000000117       0x5a /usr/lib/gcc/arm-none-eabi/9.2.1/thumb/nofp/libgcc.a(_muldi3.o)

.ARM.attributes
                0x0000000000000000       0x2f
 .ARM.attributes
                0x0000000000000000       0x2d KTMP/app.o
 .ARM.attributes
                0x000000000000002d       0x2d KTMP/main.o
 .ARM.attributes
                0x000000000000005a       0x2d KTMP/kernel.o
 .ARM.attributes
                0x0000000000000087       0x2d KTMP/tcv.o
 .ARM.attributes
                0x00000000000000b4       0x2d KTMP/startup_gcc.o
 .ARM.attributes
                0x00000000000000e1       0x33 KTMP/ccfg.o
 .ARM.attributes
                0x0000000000000114       0x2d KTMP/pin_sensor.o
 .ARM.attributes
                0x0000000000000141       0x2d KTMP/buttons.o
 .ARM.attributes
                0x000000000000016e       0x2d KTMP/storage_mx25r8035.o
 .ARM.attributes
                0x000000000000019b       0x2d KTMP/ser_out.o
 .ARM.attributes
                0x00000000000001c8       0x2d KTMP/ser_in.o
 .ARM.attributes
                0x00000000000001f5       0x2d KTMP/ser_outf.o
 .ARM.attributes
                0x0000000000000222       0x2d KTMP/ser_inf.o
 .ARM.attributes
                0x000000000000024f       0x2d KTMP/rfprop.o
 .ARM.attributes
                0x000000000000027c       0x2d KTMP/plug_null.o
 .ARM.attributes
                0x00000000000002a9       0x2d KTMP/__outserial.o
 .ARM.attributes
                0x00000000000002d6       0x2d KTMP/__inserial.o
 .ARM.attributes
                0x0000000000000303       0x2d KTMP/vform.o
 .ARM.attributes
                0x0000000000000330       0x2d KTMP/vscan.o
 .ARM.attributes
                0x000000000000035d       0x33 KTMP/smartrf_settings_lp_hr.o
 .ARM.attributes
                0x0000000000000390       0x33 /home/stephen/Desktop/OLSONET/PICOS/PicOS/CC13XX/CC13XXWARE/driverlib/bin/gcc/driverlib.lib(adi.o)
 .ARM.attributes
                0x00000000000003c3       0x33 /home/stephen/Desktop/OLSONET/PICOS/PicOS/CC13XX/CC13XXWARE/driverlib/bin/gcc/driverlib.lib(aon_batmon.o)
 .ARM.attributes
                0x00000000000003f6       0x33 /home/stephen/Desktop/OLSONET/PICOS/PicOS/CC13XX/CC13XXWARE/driverlib/bin/gcc/driverlib.lib(aon_rtc.o)
 .ARM.attributes
                0x0000000000000429       0x33 /home/stephen/Desktop/OLSONET/PICOS/PicOS/CC13XX/CC13XXWARE/driverlib/bin/gcc/driverlib.lib(cpu.o)
 .ARM.attributes
                0x000000000000045c       0x33 /home/stephen/Desktop/OLSONET/PICOS/PicOS/CC13XX/CC13XXWARE/driverlib/bin/gcc/driverlib.lib(osc.o)
 .ARM.attributes
                0x000000000000048f       0x33 /home/stephen/Desktop/OLSONET/PICOS/PicOS/CC13XX/CC13XXWARE/driverlib/bin/gcc/driverlib.lib(rfc.o)
 .ARM.attributes
                0x00000000000004c2       0x33 /home/stephen/Desktop/OLSONET/PICOS/PicOS/CC13XX/CC13XXWARE/driverlib/bin/gcc/driverlib.lib(setup.o)
 .ARM.attributes
                0x00000000000004f5       0x33 /home/stephen/Desktop/OLSONET/PICOS/PicOS/CC13XX/CC13XXWARE/driverlib/bin/gcc/driverlib.lib(setup_rom.o)
 .ARM.attributes
                0x0000000000000528       0x33 /home/stephen/Desktop/OLSONET/PICOS/PicOS/CC13XX/CC13XXWARE/driverlib/bin/gcc/driverlib.lib(sys_ctrl.o)
 .ARM.attributes
                0x000000000000055b       0x33 /home/stephen/Desktop/OLSONET/PICOS/PicOS/CC13XX/CC13XXWARE/driverlib/bin/gcc/driverlib.lib(chipinfo.o)
 .ARM.attributes
                0x000000000000058e       0x33 /home/stephen/Desktop/OLSONET/PICOS/PicOS/CC13XX/CC13XXWARE/driverlib/bin/gcc/driverlib.lib(ddi.o)
 .ARM.attributes
                0x00000000000005c1       0x2a /usr/lib/gcc/arm-none-eabi/9.2.1/../../../arm-none-eabi/lib/thumb/nofp/libg.a(lib_a-memcpy-stub.o)
 .ARM.attributes
                0x00000000000005eb       0x2a /usr/lib/gcc/arm-none-eabi/9.2.1/../../../arm-none-eabi/lib/thumb/nofp/libg.a(lib_a-rand.o)
 .ARM.attributes
                0x0000000000000615       0x30 /usr/lib/gcc/arm-none-eabi/9.2.1/../../../arm-none-eabi/lib/thumb/nofp/libg.a(lib_a-impure.o)
 .ARM.attributes
                0x0000000000000645       0x2a /usr/lib/gcc/arm-none-eabi/9.2.1/thumb/nofp/libgcc.a(_muldi3.o)

.debug_frame    0x0000000000000000     0x191c
 .debug_frame   0x0000000000000000      0x194 KTMP/app.o
 .debug_frame   0x0000000000000194      0x2bc KTMP/main.o
 .debug_frame   0x0000000000000450      0x3d4 KTMP/kernel.o
 .debug_frame   0x0000000000000824      0x360 KTMP/tcv.o
 .debug_frame   0x0000000000000b84       0x58 KTMP/startup_gcc.o
 .debug_frame   0x0000000000000bdc       0x3c KTMP/pin_sensor.o
 .debug_frame   0x0000000000000c18       0x68 KTMP/buttons.o
 .debug_frame   0x0000000000000c80      0x194 KTMP/storage_mx25r8035.o
 .debug_frame   0x0000000000000e14       0x30 KTMP/ser_out.o
 .debug_frame   0x0000000000000e44       0x30 KTMP/ser_in.o
 .debug_frame   0x0000000000000e74       0x44 KTMP/ser_outf.o
 .debug_frame   0x0000000000000eb8       0x44 KTMP/ser_inf.o
 .debug_frame   0x0000000000000efc      0x170 KTMP/rfprop.o
 .debug_frame   0x000000000000106c       0x84 KTMP/plug_null.o
 .debug_frame   0x00000000000010f0       0x3c KTMP/__outserial.o
 .debug_frame   0x000000000000112c       0x3c KTMP/__inserial.o
 .debug_frame   0x0000000000001168       0x6c KTMP/vform.o
 .debug_frame   0x00000000000011d4       0x34 KTMP/vscan.o
 .debug_frame   0x0000000000001208       0x64 /home/stephen/Desktop/OLSONET/PICOS/PicOS/CC13XX/CC13XXWARE/driverlib/bin/gcc/driverlib.lib(adi.o)
 .debug_frame   0x000000000000126c       0x20 /home/stephen/Desktop/OLSONET/PICOS/PicOS/CC13XX/CC13XXWARE/driverlib/bin/gcc/driverlib.lib(aon_batmon.o)
 .debug_frame   0x000000000000128c       0x30 /home/stephen/Desktop/OLSONET/PICOS/PicOS/CC13XX/CC13XXWARE/driverlib/bin/gcc/driverlib.lib(aon_rtc.o)
 .debug_frame   0x00000000000012bc       0x60 /home/stephen/Desktop/OLSONET/PICOS/PicOS/CC13XX/CC13XXWARE/driverlib/bin/gcc/driverlib.lib(cpu.o)
 .debug_frame   0x000000000000131c      0x104 /home/stephen/Desktop/OLSONET/PICOS/PicOS/CC13XX/CC13XXWARE/driverlib/bin/gcc/driverlib.lib(osc.o)
 .debug_frame   0x0000000000001420       0xb0 /home/stephen/Desktop/OLSONET/PICOS/PicOS/CC13XX/CC13XXWARE/driverlib/bin/gcc/driverlib.lib(rfc.o)
 .debug_frame   0x00000000000014d0       0x44 /home/stephen/Desktop/OLSONET/PICOS/PicOS/CC13XX/CC13XXWARE/driverlib/bin/gcc/driverlib.lib(setup.o)
 .debug_frame   0x0000000000001514      0x194 /home/stephen/Desktop/OLSONET/PICOS/PicOS/CC13XX/CC13XXWARE/driverlib/bin/gcc/driverlib.lib(setup_rom.o)
 .debug_frame   0x00000000000016a8       0x9c /home/stephen/Desktop/OLSONET/PICOS/PicOS/CC13XX/CC13XXWARE/driverlib/bin/gcc/driverlib.lib(sys_ctrl.o)
 .debug_frame   0x0000000000001744       0x8c /home/stephen/Desktop/OLSONET/PICOS/PicOS/CC13XX/CC13XXWARE/driverlib/bin/gcc/driverlib.lib(chipinfo.o)
 .debug_frame   0x00000000000017d0       0xac /home/stephen/Desktop/OLSONET/PICOS/PicOS/CC13XX/CC13XXWARE/driverlib/bin/gcc/driverlib.lib(ddi.o)
 .debug_frame   0x000000000000187c       0x34 /usr/lib/gcc/arm-none-eabi/9.2.1/../../../arm-none-eabi/lib/thumb/nofp/libg.a(lib_a-memcpy-stub.o)
 .debug_frame   0x00000000000018b0       0x38 /usr/lib/gcc/arm-none-eabi/9.2.1/../../../arm-none-eabi/lib/thumb/nofp/libg.a(lib_a-rand.o)
 .debug_frame   0x00000000000018e8       0x34 /usr/lib/gcc/arm-none-eabi/9.2.1/thumb/nofp/libgcc.a(_muldi3.o)
